Dec 19 19:36:21 debian rsyslogd: imuxsock: Acquired UNIX socket '/run/systemd/journal/syslog' (fd 3) from systemd.  [v8.2102.0]
Dec 19 19:36:21 debian rsyslogd: [origin software="rsyslogd" swVersion="8.2102.0" x-pid="416" x-info="https://www.rsyslog.com"] start
Dec 19 19:36:21 debian kernel: [    0.000000] Linux version 5.10.0-20-amd64 (debian-kernel@lists.debian.org) (gcc-10 (Debian 10.2.1-6) 10.2.1 20210110, GNU ld (GNU Binutils for Debian) 2.35.2) #1 SMP Debian 5.10.158-2 (2022-12-13)
Dec 19 19:36:21 debian kernel: [    0.000000] Command line: BOOT_IMAGE=/boot/vmlinuz-5.10.0-20-amd64 root=UUID=e7221505-6359-4f94-8394-28790b2bd726 ro quiet
Dec 19 19:36:21 debian kernel: [    0.000000] x86/fpu: Supporting XSAVE feature 0x001: 'x87 floating point registers'
Dec 19 19:36:21 debian kernel: [    0.000000] x86/fpu: Supporting XSAVE feature 0x002: 'SSE registers'
Dec 19 19:36:21 debian kernel: [    0.000000] x86/fpu: Supporting XSAVE feature 0x004: 'AVX registers'
Dec 19 19:36:21 debian kernel: [    0.000000] x86/fpu: xstate_offset[2]:  576, xstate_sizes[2]:  256
Dec 19 19:36:21 debian kernel: [    0.000000] x86/fpu: Enabled xstate features 0x7, context size is 832 bytes, using 'standard' format.
Dec 19 19:36:21 debian kernel: [    0.000000] BIOS-provided physical RAM map:
Dec 19 19:36:21 debian kernel: [    0.000000] BIOS-e820: [mem 0x0000000000000000-0x000000000009fbff] usable
Dec 19 19:36:21 debian kernel: [    0.000000] BIOS-e820: [mem 0x000000000009fc00-0x000000000009ffff] reserved
Dec 19 19:36:21 debian kernel: [    0.000000] BIOS-e820: [mem 0x00000000000f0000-0x00000000000fffff] reserved
Dec 19 19:36:21 debian kernel: [    0.000000] BIOS-e820: [mem 0x0000000000100000-0x000000007ffeffff] usable
Dec 19 19:36:21 debian kernel: [    0.000000] BIOS-e820: [mem 0x000000007fff0000-0x000000007fffffff] ACPI data
Dec 19 19:36:21 debian kernel: [    0.000000] BIOS-e820: [mem 0x00000000fec00000-0x00000000fec00fff] reserved
Dec 19 19:36:21 debian kernel: [    0.000000] BIOS-e820: [mem 0x00000000fee00000-0x00000000fee00fff] reserved
Dec 19 19:36:21 debian kernel: [    0.000000] BIOS-e820: [mem 0x00000000fffc0000-0x00000000ffffffff] reserved
Dec 19 19:36:21 debian kernel: [    0.000000] NX (Execute Disable) protection: active
Dec 19 19:36:21 debian kernel: [    0.000000] SMBIOS 2.5 present.
Dec 19 19:36:21 debian kernel: [    0.000000] DMI: innotek GmbH VirtualBox/VirtualBox, BIOS VirtualBox 12/01/2006
Dec 19 19:36:21 debian kernel: [    0.000000] Hypervisor detected: KVM
Dec 19 19:36:21 debian kernel: [    0.000000] kvm-clock: Using msrs 4b564d01 and 4b564d00
Dec 19 19:36:21 debian kernel: [    0.000000] kvm-clock: cpu 0, msr 57601001, primary cpu clock
Dec 19 19:36:21 debian kernel: [    0.000000] kvm-clock: using sched offset of 6397886576 cycles
Dec 19 19:36:21 debian kernel: [    0.000002] clocksource: kvm-clock: mask: 0xffffffffffffffff max_cycles: 0x1cd42e4dffb, max_idle_ns: 881590591483 ns
Dec 19 19:36:21 debian kernel: [    0.000005] tsc: Detected 1992.004 MHz processor
Dec 19 19:36:21 debian kernel: [    0.001085] last_pfn = 0x7fff0 max_arch_pfn = 0x400000000
Dec 19 19:36:21 debian kernel: [    0.001096] Disabled
Dec 19 19:36:21 debian kernel: [    0.001097] x86/PAT: MTRRs disabled, skipping PAT initialization too.
Dec 19 19:36:21 debian kernel: [    0.001099] CPU MTRRs all blank - virtualized system.
Dec 19 19:36:21 debian kernel: [    0.001102] x86/PAT: Configuration [0-7]: WB  WT  UC- UC  WB  WT  UC- UC  
Dec 19 19:36:21 debian kernel: [    0.001146] found SMP MP-table at [mem 0x0009fff0-0x0009ffff]
Dec 19 19:36:21 debian kernel: [    0.068234] RAMDISK: [mem 0x32e1f000-0x35706fff]
Dec 19 19:36:21 debian kernel: [    0.068239] ACPI: Early table checksum verification disabled
Dec 19 19:36:21 debian kernel: [    0.068244] ACPI: RSDP 0x00000000000E0000 000024 (v02 VBOX  )
Dec 19 19:36:21 debian kernel: [    0.068249] ACPI: XSDT 0x000000007FFF0030 00003C (v01 VBOX   VBOXXSDT 00000001 ASL  00000061)
Dec 19 19:36:21 debian kernel: [    0.068256] ACPI: FACP 0x000000007FFF00F0 0000F4 (v04 VBOX   VBOXFACP 00000001 ASL  00000061)
Dec 19 19:36:21 debian kernel: [    0.068262] ACPI: DSDT 0x000000007FFF0610 002353 (v02 VBOX   VBOXBIOS 00000002 INTL 20200925)
Dec 19 19:36:21 debian kernel: [    0.068267] ACPI: FACS 0x000000007FFF0200 000040
Dec 19 19:36:21 debian kernel: [    0.068271] ACPI: FACS 0x000000007FFF0200 000040
Dec 19 19:36:21 debian kernel: [    0.068275] ACPI: APIC 0x000000007FFF0240 00005C (v02 VBOX   VBOXAPIC 00000001 ASL  00000061)
Dec 19 19:36:21 debian kernel: [    0.068279] ACPI: SSDT 0x000000007FFF02A0 00036C (v01 VBOX   VBOXCPUT 00000002 INTL 20200925)
Dec 19 19:36:21 debian kernel: [    0.068283] ACPI: Reserving FACP table memory at [mem 0x7fff00f0-0x7fff01e3]
Dec 19 19:36:21 debian kernel: [    0.068285] ACPI: Reserving DSDT table memory at [mem 0x7fff0610-0x7fff2962]
Dec 19 19:36:21 debian kernel: [    0.068286] ACPI: Reserving FACS table memory at [mem 0x7fff0200-0x7fff023f]
Dec 19 19:36:21 debian kernel: [    0.068287] ACPI: Reserving FACS table memory at [mem 0x7fff0200-0x7fff023f]
Dec 19 19:36:21 debian kernel: [    0.068288] ACPI: Reserving APIC table memory at [mem 0x7fff0240-0x7fff029b]
Dec 19 19:36:21 debian kernel: [    0.068289] ACPI: Reserving SSDT table memory at [mem 0x7fff02a0-0x7fff060b]
Dec 19 19:36:21 debian kernel: [    0.068532] No NUMA configuration found
Dec 19 19:36:21 debian kernel: [    0.068539] Faking a node at [mem 0x0000000000000000-0x000000007ffeffff]
Dec 19 19:36:21 debian kernel: [    0.068550] NODE_DATA(0) allocated [mem 0x7ffc6000-0x7ffeffff]
Dec 19 19:36:21 debian kernel: [    0.068959] Zone ranges:
Dec 19 19:36:21 debian kernel: [    0.068961]   DMA      [mem 0x0000000000001000-0x0000000000ffffff]
Dec 19 19:36:21 debian kernel: [    0.068963]   DMA32    [mem 0x0000000001000000-0x000000007ffeffff]
Dec 19 19:36:21 debian kernel: [    0.068964]   Normal   empty
Dec 19 19:36:21 debian kernel: [    0.068966]   Device   empty
Dec 19 19:36:21 debian kernel: [    0.068967] Movable zone start for each node
Dec 19 19:36:21 debian kernel: [    0.068970] Early memory node ranges
Dec 19 19:36:21 debian kernel: [    0.068971]   node   0: [mem 0x0000000000001000-0x000000000009efff]
Dec 19 19:36:21 debian kernel: [    0.068972]   node   0: [mem 0x0000000000100000-0x000000007ffeffff]
Dec 19 19:36:21 debian kernel: [    0.068974] Initmem setup node 0 [mem 0x0000000000001000-0x000000007ffeffff]
Dec 19 19:36:21 debian kernel: [    0.068984] On node 0, zone DMA: 1 pages in unavailable ranges
Dec 19 19:36:21 debian kernel: [    0.069016] On node 0, zone DMA: 97 pages in unavailable ranges
Dec 19 19:36:21 debian kernel: [    0.069660] On node 0, zone DMA32: 16 pages in unavailable ranges
Dec 19 19:36:21 debian kernel: [    0.069969] ACPI: PM-Timer IO Port: 0x4008
Dec 19 19:36:21 debian kernel: [    0.070023] IOAPIC[0]: apic_id 2, version 32, address 0xfec00000, GSI 0-23
Dec 19 19:36:21 debian kernel: [    0.070025] ACPI: INT_SRC_OVR (bus 0 bus_irq 0 global_irq 2 dfl dfl)
Dec 19 19:36:21 debian kernel: [    0.070026] ACPI: INT_SRC_OVR (bus 0 bus_irq 9 global_irq 9 low level)
Dec 19 19:36:21 debian kernel: [    0.070035] Using ACPI (MADT) for SMP configuration information
Dec 19 19:36:21 debian kernel: [    0.070043] smpboot: Allowing 2 CPUs, 0 hotplug CPUs
Dec 19 19:36:21 debian kernel: [    0.070060] PM: hibernation: Registered nosave memory: [mem 0x00000000-0x00000fff]
Dec 19 19:36:21 debian kernel: [    0.070061] PM: hibernation: Registered nosave memory: [mem 0x0009f000-0x0009ffff]
Dec 19 19:36:21 debian kernel: [    0.070062] PM: hibernation: Registered nosave memory: [mem 0x000a0000-0x000effff]
Dec 19 19:36:21 debian kernel: [    0.070063] PM: hibernation: Registered nosave memory: [mem 0x000f0000-0x000fffff]
Dec 19 19:36:21 debian kernel: [    0.070065] [mem 0x80000000-0xfebfffff] available for PCI devices
Dec 19 19:36:21 debian kernel: [    0.070066] Booting paravirtualized kernel on KVM
Dec 19 19:36:21 debian kernel: [    0.070069] clocksource: refined-jiffies: mask: 0xffffffff max_cycles: 0xffffffff, max_idle_ns: 7645519600211568 ns
Dec 19 19:36:21 debian kernel: [    0.073312] setup_percpu: NR_CPUS:8192 nr_cpumask_bits:2 nr_cpu_ids:2 nr_node_ids:1
Dec 19 19:36:21 debian kernel: [    0.073400] percpu: Embedded 63 pages/cpu s221184 r8192 d28672 u1048576
Dec 19 19:36:21 debian kernel: [    0.073426] kvm-guest: PV spinlocks enabled
Dec 19 19:36:21 debian kernel: [    0.073429] PV qspinlock hash table entries: 256 (order: 0, 4096 bytes, linear)
Dec 19 19:36:21 debian kernel: [    0.073435] Built 1 zonelists, mobility grouping on.  Total pages: 515961
Dec 19 19:36:21 debian kernel: [    0.073436] Policy zone: DMA32
Dec 19 19:36:21 debian kernel: [    0.073437] Kernel command line: BOOT_IMAGE=/boot/vmlinuz-5.10.0-20-amd64 root=UUID=e7221505-6359-4f94-8394-28790b2bd726 ro quiet
Dec 19 19:36:21 debian kernel: [    0.073540] Dentry cache hash table entries: 262144 (order: 9, 2097152 bytes, linear)
Dec 19 19:36:21 debian kernel: [    0.073577] Inode-cache hash table entries: 131072 (order: 8, 1048576 bytes, linear)
Dec 19 19:36:21 debian kernel: [    0.073614] mem auto-init: stack:off, heap alloc:on, heap free:off
Dec 19 19:36:21 debian kernel: [    0.076162] Memory: 261408K/2096696K available (12295K kernel code, 2536K rwdata, 7556K rodata, 2664K init, 5468K bss, 115472K reserved, 0K cma-reserved)
Dec 19 19:36:21 debian kernel: [    0.077038] SLUB: HWalign=64, Order=0-3, MinObjects=0, CPUs=2, Nodes=1
Dec 19 19:36:21 debian kernel: [    0.077105] Kernel/User page tables isolation: enabled
Dec 19 19:36:21 debian kernel: [    0.077157] ftrace: allocating 36508 entries in 143 pages
Dec 19 19:36:21 debian kernel: [    0.097059] ftrace: allocated 143 pages with 5 groups
Dec 19 19:36:21 debian kernel: [    0.097299] rcu: Hierarchical RCU implementation.
Dec 19 19:36:21 debian kernel: [    0.097301] rcu: 	RCU restricting CPUs from NR_CPUS=8192 to nr_cpu_ids=2.
Dec 19 19:36:21 debian kernel: [    0.097302] 	Rude variant of Tasks RCU enabled.
Dec 19 19:36:21 debian kernel: [    0.097319] 	Tracing variant of Tasks RCU enabled.
Dec 19 19:36:21 debian kernel: [    0.097321] rcu: RCU calculated value of scheduler-enlistment delay is 25 jiffies.
Dec 19 19:36:21 debian kernel: [    0.097322] rcu: Adjusting geometry for rcu_fanout_leaf=16, nr_cpu_ids=2
Dec 19 19:36:21 debian kernel: [    0.102843] NR_IRQS: 524544, nr_irqs: 440, preallocated irqs: 16
Dec 19 19:36:21 debian kernel: [    0.103190] random: crng init done
Dec 19 19:36:21 debian kernel: [    0.116468] Console: colour VGA+ 80x25
Dec 19 19:36:21 debian kernel: [    0.116479] printk: console [tty0] enabled
Dec 19 19:36:21 debian kernel: [    0.116500] ACPI: Core revision 20200925
Dec 19 19:36:21 debian kernel: [    0.116625] APIC: Switch to symmetric I/O mode setup
Dec 19 19:36:21 debian kernel: [    0.116924] x2apic enabled
Dec 19 19:36:21 debian kernel: [    0.117215] Switched APIC routing to physical x2apic.
Dec 19 19:36:21 debian kernel: [    0.118893] ..TIMER: vector=0x30 apic1=0 pin1=2 apic2=-1 pin2=-1
Dec 19 19:36:21 debian kernel: [    0.118962] clocksource: tsc-early: mask: 0xffffffffffffffff max_cycles: 0x396d59a56c3, max_idle_ns: 881590573781 ns
Dec 19 19:36:21 debian kernel: [    0.118970] Calibrating delay loop (skipped) preset value.. 3984.00 BogoMIPS (lpj=7968016)
Dec 19 19:36:21 debian kernel: [    0.118974] pid_max: default: 32768 minimum: 301
Dec 19 19:36:21 debian kernel: [    0.119015] LSM: Security Framework initializing
Dec 19 19:36:21 debian kernel: [    0.119025] Yama: disabled by default; enable with sysctl kernel.yama.*
Dec 19 19:36:21 debian kernel: [    0.119057] AppArmor: AppArmor initialized
Dec 19 19:36:21 debian kernel: [    0.119059] TOMOYO Linux initialized
Dec 19 19:36:21 debian kernel: [    0.119075] Mount-cache hash table entries: 4096 (order: 3, 32768 bytes, linear)
Dec 19 19:36:21 debian kernel: [    0.119080] Mountpoint-cache hash table entries: 4096 (order: 3, 32768 bytes, linear)
Dec 19 19:36:21 debian kernel: [    0.119429] Last level iTLB entries: 4KB 64, 2MB 8, 4MB 8
Dec 19 19:36:21 debian kernel: [    0.119430] Last level dTLB entries: 4KB 64, 2MB 0, 4MB 0, 1GB 4
Dec 19 19:36:21 debian kernel: [    0.119434] Spectre V1 : Mitigation: usercopy/swapgs barriers and __user pointer sanitization
Dec 19 19:36:21 debian kernel: [    0.119435] Spectre V2 : Mitigation: Retpolines
Dec 19 19:36:21 debian kernel: [    0.119436] Spectre V2 : Spectre v2 / SpectreRSB mitigation: Filling RSB on context switch
Dec 19 19:36:21 debian kernel: [    0.119437] Spectre V2 : Spectre v2 / SpectreRSB : Filling RSB on VMEXIT
Dec 19 19:36:21 debian kernel: [    0.119906] RETBleed: Vulnerable
Dec 19 19:36:21 debian kernel: [    0.119907] Speculative Store Bypass: Vulnerable
Dec 19 19:36:21 debian kernel: [    0.119913] MDS: Mitigation: Clear CPU buffers
Dec 19 19:36:21 debian kernel: [    0.119913] MMIO Stale Data: Mitigation: Clear CPU buffers
Dec 19 19:36:21 debian kernel: [    0.119915] SRBDS: Unknown: Dependent on hypervisor status
Dec 19 19:36:21 debian kernel: [    0.130627] Freeing SMP alternatives memory: 32K
Dec 19 19:36:21 debian kernel: [    0.242830] smpboot: CPU0: Intel(R) Core(TM) i7-8550U CPU @ 1.80GHz (family: 0x6, model: 0x8e, stepping: 0xa)
Dec 19 19:36:21 debian kernel: [    0.242943] Performance Events: unsupported p6 CPU model 142 no PMU driver, software events only.
Dec 19 19:36:21 debian kernel: [    0.242966] rcu: Hierarchical SRCU implementation.
Dec 19 19:36:21 debian kernel: [    0.242966] NMI watchdog: Perf NMI watchdog permanently disabled
Dec 19 19:36:21 debian kernel: [    0.242966] smp: Bringing up secondary CPUs ...
Dec 19 19:36:21 debian kernel: [    0.242966] x86: Booting SMP configuration:
Dec 19 19:36:21 debian kernel: [    0.242966] .... node  #0, CPUs:      #1
Dec 19 19:36:21 debian kernel: [    0.019802] kvm-clock: cpu 1, msr 57601041, secondary cpu clock
Dec 19 19:36:21 debian kernel: [    0.242966] smp: Brought up 1 node, 2 CPUs
Dec 19 19:36:21 debian kernel: [    0.242966] smpboot: Max logical packages: 1
Dec 19 19:36:21 debian kernel: [    0.242966] smpboot: Total of 2 processors activated (7968.01 BogoMIPS)
Dec 19 19:36:21 debian kernel: [    0.246968] node 0 deferred pages initialised in 8ms
Dec 19 19:36:21 debian kernel: [    0.247095] devtmpfs: initialized
Dec 19 19:36:21 debian kernel: [    0.247095] x86/mm: Memory block size: 128MB
Dec 19 19:36:21 debian kernel: [    0.247223] clocksource: jiffies: mask: 0xffffffff max_cycles: 0xffffffff, max_idle_ns: 7645041785100000 ns
Dec 19 19:36:21 debian kernel: [    0.247223] futex hash table entries: 512 (order: 3, 32768 bytes, linear)
Dec 19 19:36:21 debian kernel: [    0.247223] pinctrl core: initialized pinctrl subsystem
Dec 19 19:36:21 debian kernel: [    0.247269] NET: Registered protocol family 16
Dec 19 19:36:21 debian kernel: [    0.247377] DMA: preallocated 256 KiB GFP_KERNEL pool for atomic allocations
Dec 19 19:36:21 debian kernel: [    0.247391] DMA: preallocated 256 KiB GFP_KERNEL|GFP_DMA pool for atomic allocations
Dec 19 19:36:21 debian kernel: [    0.247404] DMA: preallocated 256 KiB GFP_KERNEL|GFP_DMA32 pool for atomic allocations
Dec 19 19:36:21 debian kernel: [    0.247410] audit: initializing netlink subsys (disabled)
Dec 19 19:36:21 debian kernel: [    0.247419] thermal_sys: Registered thermal governor 'fair_share'
Dec 19 19:36:21 debian kernel: [    0.247419] thermal_sys: Registered thermal governor 'bang_bang'
Dec 19 19:36:21 debian kernel: [    0.247419] thermal_sys: Registered thermal governor 'step_wise'
Dec 19 19:36:21 debian kernel: [    0.247419] thermal_sys: Registered thermal governor 'user_space'
Dec 19 19:36:21 debian kernel: [    0.247419] thermal_sys: Registered thermal governor 'power_allocator'
Dec 19 19:36:21 debian kernel: [    0.247419] cpuidle: using governor ladder
Dec 19 19:36:21 debian kernel: [    0.247419] cpuidle: using governor menu
Dec 19 19:36:21 debian kernel: [    0.247419] ACPI: bus type PCI registered
Dec 19 19:36:21 debian kernel: [    0.247419] acpiphp: ACPI Hot Plug PCI Controller Driver version: 0.5
Dec 19 19:36:21 debian kernel: [    0.247419] PCI: Using configuration type 1 for base access
Dec 19 19:36:21 debian kernel: [    0.247943] Kprobes globally optimized
Dec 19 19:36:21 debian kernel: [    0.247951] audit: type=2000 audit(1671489378.243:1): state=initialized audit_enabled=0 res=1
Dec 19 19:36:21 debian kernel: [    0.247970] HugeTLB registered 2.00 MiB page size, pre-allocated 0 pages
Dec 19 19:36:21 debian kernel: [    0.348379] ACPI: Added _OSI(Module Device)
Dec 19 19:36:21 debian kernel: [    0.348379] ACPI: Added _OSI(Processor Device)
Dec 19 19:36:21 debian kernel: [    0.348379] ACPI: Added _OSI(3.0 _SCP Extensions)
Dec 19 19:36:21 debian kernel: [    0.348379] ACPI: Added _OSI(Processor Aggregator Device)
Dec 19 19:36:21 debian kernel: [    0.348379] ACPI: Added _OSI(Linux-Dell-Video)
Dec 19 19:36:21 debian kernel: [    0.348379] ACPI: Added _OSI(Linux-Lenovo-NV-HDMI-Audio)
Dec 19 19:36:21 debian kernel: [    0.348379] ACPI: Added _OSI(Linux-HPI-Hybrid-Graphics)
Dec 19 19:36:21 debian kernel: [    0.352334] ACPI: 2 ACPI AML tables successfully acquired and loaded
Dec 19 19:36:21 debian kernel: [    0.353407] ACPI: Interpreter enabled
Dec 19 19:36:21 debian kernel: [    0.353414] ACPI: (supports S0 S5)
Dec 19 19:36:21 debian kernel: [    0.353415] ACPI: Using IOAPIC for interrupt routing
Dec 19 19:36:21 debian kernel: [    0.353579] PCI: Using host bridge windows from ACPI; if necessary, use "pci=nocrs" and report a bug
Dec 19 19:36:21 debian kernel: [    0.353690] ACPI: Enabled 2 GPEs in block 00 to 07
Dec 19 19:36:21 debian kernel: [    0.357193] ACPI: PCI Root Bridge [PCI0] (domain 0000 [bus 00-ff])
Dec 19 19:36:21 debian kernel: [    0.357196] acpi PNP0A03:00: _OSC: OS supports [ASPM ClockPM Segments MSI HPX-Type3]
Dec 19 19:36:21 debian kernel: [    0.357509] acpi PNP0A03:00: _OSC: not requesting OS control; OS requires [ExtendedConfig ASPM ClockPM MSI]
Dec 19 19:36:21 debian kernel: [    0.357515] acpi PNP0A03:00: fail to add MMCONFIG information, can't access extended PCI configuration space under this bridge.
Dec 19 19:36:21 debian kernel: [    0.357844] PCI host bridge to bus 0000:00
Dec 19 19:36:21 debian kernel: [    0.357847] pci_bus 0000:00: root bus resource [io  0x0000-0x0cf7 window]
Dec 19 19:36:21 debian kernel: [    0.357848] pci_bus 0000:00: root bus resource [io  0x0d00-0xffff window]
Dec 19 19:36:21 debian kernel: [    0.357850] pci_bus 0000:00: root bus resource [mem 0x000a0000-0x000bffff window]
Dec 19 19:36:21 debian kernel: [    0.357851] pci_bus 0000:00: root bus resource [mem 0x80000000-0xfdffffff window]
Dec 19 19:36:21 debian kernel: [    0.357853] pci_bus 0000:00: root bus resource [bus 00-ff]
Dec 19 19:36:21 debian kernel: [    0.357890] pci 0000:00:00.0: [8086:1237] type 00 class 0x060000
Dec 19 19:36:21 debian kernel: [    0.358624] pci 0000:00:01.0: [8086:7000] type 00 class 0x060100
Dec 19 19:36:21 debian kernel: [    0.359309] pci 0000:00:01.1: [8086:7111] type 00 class 0x01018a
Dec 19 19:36:21 debian kernel: [    0.359614] pci 0000:00:01.1: reg 0x20: [io  0xd000-0xd00f]
Dec 19 19:36:21 debian kernel: [    0.359719] pci 0000:00:01.1: legacy IDE quirk: reg 0x10: [io  0x01f0-0x01f7]
Dec 19 19:36:21 debian kernel: [    0.359720] pci 0000:00:01.1: legacy IDE quirk: reg 0x14: [io  0x03f6]
Dec 19 19:36:21 debian kernel: [    0.359721] pci 0000:00:01.1: legacy IDE quirk: reg 0x18: [io  0x0170-0x0177]
Dec 19 19:36:21 debian kernel: [    0.359722] pci 0000:00:01.1: legacy IDE quirk: reg 0x1c: [io  0x0376]
Dec 19 19:36:21 debian kernel: [    0.359901] pci 0000:00:02.0: [15ad:0405] type 00 class 0x030000
Dec 19 19:36:21 debian kernel: [    0.361411] pci 0000:00:02.0: reg 0x10: [io  0xd010-0xd01f]
Dec 19 19:36:21 debian kernel: [    0.362969] pci 0000:00:02.0: reg 0x14: [mem 0xe0000000-0xe0ffffff pref]
Dec 19 19:36:21 debian kernel: [    0.364151] pci 0000:00:02.0: reg 0x18: [mem 0xf0000000-0xf01fffff]
Dec 19 19:36:21 debian kernel: [    0.370156] pci 0000:00:03.0: [8086:100e] type 00 class 0x020000
Dec 19 19:36:21 debian kernel: [    0.370963] pci 0000:00:03.0: reg 0x10: [mem 0xf0200000-0xf021ffff]
Dec 19 19:36:21 debian kernel: [    0.371655] pci 0000:00:03.0: reg 0x18: [io  0xd020-0xd027]
Dec 19 19:36:21 debian kernel: [    0.375205] pci 0000:00:04.0: [80ee:cafe] type 00 class 0x088000
Dec 19 19:36:21 debian kernel: [    0.376450] pci 0000:00:04.0: reg 0x10: [io  0xd040-0xd05f]
Dec 19 19:36:21 debian kernel: [    0.377735] pci 0000:00:04.0: reg 0x14: [mem 0xf0400000-0xf07fffff]
Dec 19 19:36:21 debian kernel: [    0.378774] pci 0000:00:04.0: reg 0x18: [mem 0xf0800000-0xf0803fff pref]
Dec 19 19:36:21 debian kernel: [    0.379327] pci 0000:00:05.0: [8086:2415] type 00 class 0x040100
Dec 19 19:36:21 debian kernel: [    0.379467] pci 0000:00:05.0: reg 0x10: [io  0xd100-0xd1ff]
Dec 19 19:36:21 debian kernel: [    0.379532] pci 0000:00:05.0: reg 0x14: [io  0xd200-0xd23f]
Dec 19 19:36:21 debian kernel: [    0.379968] pci 0000:00:06.0: [106b:003f] type 00 class 0x0c0310
Dec 19 19:36:21 debian kernel: [    0.383042] pci 0000:00:06.0: reg 0x10: [mem 0xf0804000-0xf0804fff]
Dec 19 19:36:21 debian kernel: [    0.388688] pci 0000:00:07.0: [8086:7113] type 00 class 0x068000
Dec 19 19:36:21 debian kernel: [    0.389131] pci 0000:00:07.0: quirk: [io  0x4000-0x403f] claimed by PIIX4 ACPI
Dec 19 19:36:21 debian kernel: [    0.389143] pci 0000:00:07.0: quirk: [io  0x4100-0x410f] claimed by PIIX4 SMB
Dec 19 19:36:21 debian kernel: [    0.389510] pci 0000:00:0b.0: [8086:265c] type 00 class 0x0c0320
Dec 19 19:36:21 debian kernel: [    0.391044] pci 0000:00:0b.0: reg 0x10: [mem 0xf0805000-0xf0805fff]
Dec 19 19:36:21 debian kernel: [    0.396758] pci 0000:00:0d.0: [8086:2829] type 00 class 0x010601
Dec 19 19:36:21 debian kernel: [    0.398010] pci 0000:00:0d.0: reg 0x10: [io  0xd240-0xd247]
Dec 19 19:36:21 debian kernel: [    0.399033] pci 0000:00:0d.0: reg 0x14: [io  0xd248-0xd24b]
Dec 19 19:36:21 debian kernel: [    0.400253] pci 0000:00:0d.0: reg 0x18: [io  0xd250-0xd257]
Dec 19 19:36:21 debian kernel: [    0.401141] pci 0000:00:0d.0: reg 0x1c: [io  0xd258-0xd25b]
Dec 19 19:36:21 debian kernel: [    0.401737] pci 0000:00:0d.0: reg 0x20: [io  0xd260-0xd26f]
Dec 19 19:36:21 debian kernel: [    0.402357] pci 0000:00:0d.0: reg 0x24: [mem 0xf0806000-0xf0807fff]
Dec 19 19:36:21 debian kernel: [    0.404289] ACPI: PCI Interrupt Link [LNKA] (IRQs 5 9 10 *11)
Dec 19 19:36:21 debian kernel: [    0.404476] ACPI: PCI Interrupt Link [LNKB] (IRQs 5 9 *10 11)
Dec 19 19:36:21 debian kernel: [    0.404544] ACPI: PCI Interrupt Link [LNKC] (IRQs 5 *9 10 11)
Dec 19 19:36:21 debian kernel: [    0.404612] ACPI: PCI Interrupt Link [LNKD] (IRQs 5 9 10 *11)
Dec 19 19:36:21 debian kernel: [    0.404718] iommu: Default domain type: Translated 
Dec 19 19:36:21 debian kernel: [    0.404753] pci 0000:00:02.0: vgaarb: setting as boot VGA device
Dec 19 19:36:21 debian kernel: [    0.404754] pci 0000:00:02.0: vgaarb: VGA device added: decodes=io+mem,owns=io+mem,locks=none
Dec 19 19:36:21 debian kernel: [    0.404756] pci 0000:00:02.0: vgaarb: bridge control possible
Dec 19 19:36:21 debian kernel: [    0.404756] vgaarb: loaded
Dec 19 19:36:21 debian kernel: [    0.404804] EDAC MC: Ver: 3.0.0
Dec 19 19:36:21 debian kernel: [    0.404965] NetLabel: Initializing
Dec 19 19:36:21 debian kernel: [    0.404965] NetLabel:  domain hash size = 128
Dec 19 19:36:21 debian kernel: [    0.404965] NetLabel:  protocols = UNLABELED CIPSOv4 CALIPSO
Dec 19 19:36:21 debian kernel: [    0.404965] NetLabel:  unlabeled traffic allowed by default
Dec 19 19:36:21 debian kernel: [    0.404965] PCI: Using ACPI for IRQ routing
Dec 19 19:36:21 debian kernel: [    0.404965] clocksource: Switched to clocksource kvm-clock
Dec 19 19:36:21 debian kernel: [    0.407663] VFS: Disk quotas dquot_6.6.0
Dec 19 19:36:21 debian kernel: [    0.407663] VFS: Dquot-cache hash table entries: 512 (order 0, 4096 bytes)
Dec 19 19:36:21 debian kernel: [    0.407663] AppArmor: AppArmor Filesystem Enabled
Dec 19 19:36:21 debian kernel: [    0.407663] pnp: PnP ACPI init
Dec 19 19:36:21 debian kernel: [    0.407663] pnp: PnP ACPI: found 2 devices
Dec 19 19:36:21 debian kernel: [    0.420266] clocksource: acpi_pm: mask: 0xffffff max_cycles: 0xffffff, max_idle_ns: 2085701024 ns
Dec 19 19:36:21 debian kernel: [    0.420372] NET: Registered protocol family 2
Dec 19 19:36:21 debian kernel: [    0.420408] IP idents hash table entries: 32768 (order: 6, 262144 bytes, linear)
Dec 19 19:36:21 debian kernel: [    0.420765] tcp_listen_portaddr_hash hash table entries: 1024 (order: 2, 16384 bytes, linear)
Dec 19 19:36:21 debian kernel: [    0.420786] TCP established hash table entries: 16384 (order: 5, 131072 bytes, linear)
Dec 19 19:36:21 debian kernel: [    0.420809] TCP bind hash table entries: 16384 (order: 6, 262144 bytes, linear)
Dec 19 19:36:21 debian kernel: [    0.420828] TCP: Hash tables configured (established 16384 bind 16384)
Dec 19 19:36:21 debian kernel: [    0.420853] UDP hash table entries: 1024 (order: 3, 32768 bytes, linear)
Dec 19 19:36:21 debian kernel: [    0.420859] UDP-Lite hash table entries: 1024 (order: 3, 32768 bytes, linear)
Dec 19 19:36:21 debian kernel: [    0.420882] NET: Registered protocol family 1
Dec 19 19:36:21 debian kernel: [    0.420886] NET: Registered protocol family 44
Dec 19 19:36:21 debian kernel: [    0.420897] pci_bus 0000:00: resource 4 [io  0x0000-0x0cf7 window]
Dec 19 19:36:21 debian kernel: [    0.420898] pci_bus 0000:00: resource 5 [io  0x0d00-0xffff window]
Dec 19 19:36:21 debian kernel: [    0.420900] pci_bus 0000:00: resource 6 [mem 0x000a0000-0x000bffff window]
Dec 19 19:36:21 debian kernel: [    0.420901] pci_bus 0000:00: resource 7 [mem 0x80000000-0xfdffffff window]
Dec 19 19:36:21 debian kernel: [    0.420960] pci 0000:00:00.0: Limiting direct PCI/PCI transfers
Dec 19 19:36:21 debian kernel: [    0.420972] pci 0000:00:01.0: Activating ISA DMA hang workarounds
Dec 19 19:36:21 debian kernel: [    0.421025] pci 0000:00:02.0: Video device with shadowed ROM at [mem 0x000c0000-0x000dffff]
Dec 19 19:36:21 debian kernel: [    0.423230] PCI: CLS 0 bytes, default 64
Dec 19 19:36:21 debian kernel: [    0.423276] Trying to unpack rootfs image as initramfs...
Dec 19 19:36:21 debian kernel: [    0.966983] Freeing initrd memory: 41888K
Dec 19 19:36:21 debian kernel: [    0.966983] clocksource: tsc: mask: 0xffffffffffffffff max_cycles: 0x396d59a56c3, max_idle_ns: 881590573781 ns
Dec 19 19:36:21 debian kernel: [    0.967940] clocksource: Switched to clocksource tsc
Dec 19 19:36:21 debian kernel: [    0.967970] platform rtc_cmos: registered platform RTC device (no PNP device found)
Dec 19 19:36:21 debian kernel: [    0.968318] Initialise system trusted keyrings
Dec 19 19:36:21 debian kernel: [    0.968323] Key type blacklist registered
Dec 19 19:36:21 debian kernel: [    0.968417] workingset: timestamp_bits=36 max_order=19 bucket_order=0
Dec 19 19:36:21 debian kernel: [    0.969444] zbud: loaded
Dec 19 19:36:21 debian kernel: [    0.969695] integrity: Platform Keyring initialized
Dec 19 19:36:21 debian kernel: [    0.969697] Key type asymmetric registered
Dec 19 19:36:21 debian kernel: [    0.969699] Asymmetric key parser 'x509' registered
Dec 19 19:36:21 debian kernel: [    0.969705] Block layer SCSI generic (bsg) driver version 0.4 loaded (major 251)
Dec 19 19:36:21 debian kernel: [    0.969820] io scheduler mq-deadline registered
Dec 19 19:36:21 debian kernel: [    0.970307] shpchp: Standard Hot Plug PCI Controller Driver version: 0.4
Dec 19 19:36:21 debian kernel: [    0.970630] Serial: 8250/16550 driver, 4 ports, IRQ sharing enabled
Dec 19 19:36:21 debian kernel: [    0.971066] Linux agpgart interface v0.103
Dec 19 19:36:21 debian kernel: [    0.971144] AMD-Vi: AMD IOMMUv2 functionality not available on this system - This is not a bug.
Dec 19 19:36:21 debian kernel: [    0.971311] i8042: PNP: PS/2 Controller [PNP0303:PS2K,PNP0f03:PS2M] at 0x60,0x64 irq 1,12
Dec 19 19:36:21 debian kernel: [    0.971922] serio: i8042 KBD port at 0x60,0x64 irq 1
Dec 19 19:36:21 debian kernel: [    0.971927] serio: i8042 AUX port at 0x60,0x64 irq 12
Dec 19 19:36:21 debian kernel: [    0.972208] mousedev: PS/2 mouse device common for all mice
Dec 19 19:36:21 debian kernel: [    0.972424] input: AT Translated Set 2 keyboard as /devices/platform/i8042/serio0/input/input0
Dec 19 19:36:21 debian kernel: [    0.973008] rtc_cmos rtc_cmos: registered as rtc0
Dec 19 19:36:21 debian kernel: [    0.973051] rtc_cmos rtc_cmos: setting system clock to 2022-12-19T22:36:12 UTC (1671489372)
Dec 19 19:36:21 debian kernel: [    0.973063] rtc_cmos rtc_cmos: alarms up to one day, 114 bytes nvram
Dec 19 19:36:21 debian kernel: [    0.973068] intel_pstate: CPU model not supported
Dec 19 19:36:21 debian kernel: [    0.973142] ledtrig-cpu: registered to indicate activity on CPUs
Dec 19 19:36:21 debian kernel: [    0.973434] NET: Registered protocol family 10
Dec 19 19:36:21 debian kernel: [    0.979183] Segment Routing with IPv6
Dec 19 19:36:21 debian kernel: [    0.979203] mip6: Mobile IPv6
Dec 19 19:36:21 debian kernel: [    0.979205] NET: Registered protocol family 17
Dec 19 19:36:21 debian kernel: [    0.979320] mpls_gso: MPLS GSO support
Dec 19 19:36:21 debian kernel: [    0.979530] IPI shorthand broadcast: enabled
Dec 19 19:36:21 debian kernel: [    0.979534] sched_clock: Marking stable (963638013, 15802965)->(986350602, -6909624)
Dec 19 19:36:21 debian kernel: [    0.979647] registered taskstats version 1
Dec 19 19:36:21 debian kernel: [    0.979648] Loading compiled-in X.509 certificates
Dec 19 19:36:21 debian kernel: [    1.001733] Loaded X.509 cert 'Debian Secure Boot CA: 6ccece7e4c6c0d1f6149f3dd27dfcc5cbb419ea1'
Dec 19 19:36:21 debian kernel: [    1.001749] Loaded X.509 cert 'Debian Secure Boot Signer 2022 - linux: 14011249c2675ea8e5148542202005810584b25f'
Dec 19 19:36:21 debian kernel: [    1.001770] zswap: loaded using pool lzo/zbud
Dec 19 19:36:21 debian kernel: [    1.002025] Key type .fscrypt registered
Dec 19 19:36:21 debian kernel: [    1.002026] Key type fscrypt-provisioning registered
Dec 19 19:36:21 debian kernel: [    1.002054] AppArmor: AppArmor sha1 policy hashing enabled
Dec 19 19:36:21 debian kernel: [    1.003042] Freeing unused decrypted memory: 2036K
Dec 19 19:36:21 debian kernel: [    1.003527] Freeing unused kernel image (initmem) memory: 2664K
Dec 19 19:36:21 debian kernel: [    1.019075] Write protecting the kernel read-only data: 22528k
Dec 19 19:36:21 debian kernel: [    1.019610] Freeing unused kernel image (text/rodata gap) memory: 2040K
Dec 19 19:36:21 debian kernel: [    1.019761] Freeing unused kernel image (rodata/data gap) memory: 636K
Dec 19 19:36:21 debian kernel: [    1.069096] x86/mm: Checked W+X mappings: passed, no W+X pages found.
Dec 19 19:36:21 debian kernel: [    1.069098] x86/mm: Checking user space page tables
Dec 19 19:36:21 debian kernel: [    1.118450] x86/mm: Checked W+X mappings: passed, no W+X pages found.
Dec 19 19:36:21 debian kernel: [    1.118456] Run /init as init process
Dec 19 19:36:21 debian kernel: [    1.167547] input: Power Button as /devices/LNXSYSTM:00/LNXPWRBN:00/input/input2
Dec 19 19:36:21 debian kernel: [    1.169779] ACPI: Video Device [GFX0] (multi-head: yes  rom: no  post: no)
Dec 19 19:36:21 debian kernel: [    1.169830] input: Video Bus as /devices/LNXSYSTM:00/LNXSYBUS:00/PNP0A03:00/LNXVIDEO:00/input/input3
Dec 19 19:36:21 debian kernel: [    1.172642] battery: ACPI: Battery Slot [BAT0] (battery present)
Dec 19 19:36:21 debian kernel: [    1.187305] ACPI: bus type USB registered
Dec 19 19:36:21 debian kernel: [    1.187334] usbcore: registered new interface driver usbfs
Dec 19 19:36:21 debian kernel: [    1.187344] usbcore: registered new interface driver hub
Dec 19 19:36:21 debian kernel: [    1.187356] usbcore: registered new device driver usb
Dec 19 19:36:21 debian kernel: [    1.191582] ACPI: Power Button [PWRF]
Dec 19 19:36:21 debian kernel: [    1.191610] piix4_smbus 0000:00:07.0: SMBus Host Controller at 0x4100, revision 0
Dec 19 19:36:21 debian kernel: [    1.191696] input: Sleep Button as /devices/LNXSYSTM:00/LNXSLPBN:00/input/input4
Dec 19 19:36:21 debian kernel: [    1.191726] ACPI: Sleep Button [SLPF]
Dec 19 19:36:21 debian kernel: [    1.204968] SCSI subsystem initialized
Dec 19 19:36:21 debian kernel: [    1.217632] e1000: Intel(R) PRO/1000 Network Driver
Dec 19 19:36:21 debian kernel: [    1.217634] e1000: Copyright (c) 1999-2006 Intel Corporation.
Dec 19 19:36:21 debian kernel: [    1.219246] ehci_hcd: USB 2.0 'Enhanced' Host Controller (EHCI) Driver
Dec 19 19:36:21 debian kernel: [    1.221666] ohci_hcd: USB 1.1 'Open' Host Controller (OHCI) Driver
Dec 19 19:36:21 debian kernel: [    1.222872] ehci-pci: EHCI PCI platform driver
Dec 19 19:36:21 debian kernel: [    1.231733] ehci-pci 0000:00:0b.0: EHCI Host Controller
Dec 19 19:36:21 debian kernel: [    1.231739] ehci-pci 0000:00:0b.0: new USB bus registered, assigned bus number 1
Dec 19 19:36:21 debian kernel: [    1.231968] ehci-pci 0000:00:0b.0: irq 19, io mem 0xf0805000
Dec 19 19:36:21 debian kernel: [    1.245907] ahci 0000:00:0d.0: SSS flag set, parallel bus scan disabled
Dec 19 19:36:21 debian kernel: [    1.246031] ahci 0000:00:0d.0: AHCI 0001.0100 32 slots 1 ports 3 Gbps 0x1 impl SATA mode
Dec 19 19:36:21 debian kernel: [    1.246033] ahci 0000:00:0d.0: flags: 64bit ncq stag only ccc 
Dec 19 19:36:21 debian kernel: [    1.251631] scsi host0: ata_piix
Dec 19 19:36:21 debian kernel: [    1.251875] scsi host1: ahci
Dec 19 19:36:21 debian kernel: [    1.251939] ata3: SATA max UDMA/133 abar m8192@0xf0806000 port 0xf0806100 irq 21
Dec 19 19:36:21 debian kernel: [    1.252470] scsi host2: ata_piix
Dec 19 19:36:21 debian kernel: [    1.252501] ata1: PATA max UDMA/33 cmd 0x1f0 ctl 0x3f6 bmdma 0xd000 irq 14
Dec 19 19:36:21 debian kernel: [    1.252502] ata2: PATA max UDMA/33 cmd 0x170 ctl 0x376 bmdma 0xd008 irq 15
Dec 19 19:36:21 debian kernel: [    1.255065] ehci-pci 0000:00:0b.0: USB 2.0 started, EHCI 1.00
Dec 19 19:36:21 debian kernel: [    1.255138] usb usb1: New USB device found, idVendor=1d6b, idProduct=0002, bcdDevice= 5.10
Dec 19 19:36:21 debian kernel: [    1.255139] usb usb1: New USB device strings: Mfr=3, Product=2, SerialNumber=1
Dec 19 19:36:21 debian kernel: [    1.255141] usb usb1: Product: EHCI Host Controller
Dec 19 19:36:21 debian kernel: [    1.255142] usb usb1: Manufacturer: Linux 5.10.0-20-amd64 ehci_hcd
Dec 19 19:36:21 debian kernel: [    1.255143] usb usb1: SerialNumber: 0000:00:0b.0
Dec 19 19:36:21 debian kernel: [    1.255373] hub 1-0:1.0: USB hub found
Dec 19 19:36:21 debian kernel: [    1.255379] hub 1-0:1.0: 12 ports detected
Dec 19 19:36:21 debian kernel: [    1.408139] input: ImExPS/2 Generic Explorer Mouse as /devices/platform/i8042/serio1/input/input5
Dec 19 19:36:21 debian kernel: [    1.427275] ata2.00: ATAPI: VBOX CD-ROM, 1.0, max UDMA/133
Dec 19 19:36:21 debian kernel: [    1.570986] ata3: SATA link up 3.0 Gbps (SStatus 123 SControl 300)
Dec 19 19:36:21 debian kernel: [    1.571097] ata3.00: ATA-6: VBOX HARDDISK, 1.0, max UDMA/133
Dec 19 19:36:21 debian kernel: [    1.571098] ata3.00: 41943040 sectors, multi 128: LBA48 NCQ (depth 32)
Dec 19 19:36:21 debian kernel: [    1.571212] ata3.00: configured for UDMA/133
Dec 19 19:36:21 debian kernel: [    1.571323] scsi 1:0:0:0: Direct-Access     ATA      VBOX HARDDISK    1.0  PQ: 0 ANSI: 5
Dec 19 19:36:21 debian kernel: [    1.571871] scsi 2:0:0:0: CD-ROM            VBOX     CD-ROM           1.0  PQ: 0 ANSI: 5
Dec 19 19:36:21 debian kernel: [    1.573314] ohci-pci: OHCI PCI platform driver
Dec 19 19:36:21 debian kernel: [    1.574047] ohci-pci 0000:00:06.0: OHCI PCI host controller
Dec 19 19:36:21 debian kernel: [    1.574053] ohci-pci 0000:00:06.0: new USB bus registered, assigned bus number 2
Dec 19 19:36:21 debian kernel: [    1.574157] ohci-pci 0000:00:06.0: irq 22, io mem 0xf0804000
Dec 19 19:36:21 debian kernel: [    1.590179] sd 1:0:0:0: [sda] 41943040 512-byte logical blocks: (21.5 GB/20.0 GiB)
Dec 19 19:36:21 debian kernel: [    1.590195] sd 1:0:0:0: [sda] Write Protect is off
Dec 19 19:36:21 debian kernel: [    1.590483] sd 1:0:0:0: [sda] Write cache: enabled, read cache: enabled, doesn't support DPO or FUA
Dec 19 19:36:21 debian kernel: [    1.601850]  sda: sda1 sda2 < sda5 >
Dec 19 19:36:21 debian kernel: [    1.615634] sr 2:0:0:0: [sr0] scsi3-mmc drive: 32x/32x xa/form2 tray
Dec 19 19:36:21 debian kernel: [    1.615636] cdrom: Uniform CD-ROM driver Revision: 3.20
Dec 19 19:36:21 debian kernel: [    1.619804] e1000 0000:00:03.0 eth0: (PCI:33MHz:32-bit) 08:00:27:f7:df:85
Dec 19 19:36:21 debian kernel: [    1.619806] e1000 0000:00:03.0 eth0: Intel(R) PRO/1000 Network Connection
Dec 19 19:36:21 debian kernel: [    1.627190] sd 1:0:0:0: [sda] Attached SCSI disk
Dec 19 19:36:21 debian kernel: [    1.631500] usb usb2: New USB device found, idVendor=1d6b, idProduct=0001, bcdDevice= 5.10
Dec 19 19:36:21 debian kernel: [    1.631502] usb usb2: New USB device strings: Mfr=3, Product=2, SerialNumber=1
Dec 19 19:36:21 debian kernel: [    1.631503] usb usb2: Product: OHCI PCI host controller
Dec 19 19:36:21 debian kernel: [    1.631503] usb usb2: Manufacturer: Linux 5.10.0-20-amd64 ohci_hcd
Dec 19 19:36:21 debian kernel: [    1.631504] usb usb2: SerialNumber: 0000:00:06.0
Dec 19 19:36:21 debian kernel: [    1.632179] hub 2-0:1.0: USB hub found
Dec 19 19:36:21 debian kernel: [    1.632194] hub 2-0:1.0: 12 ports detected
Dec 19 19:36:21 debian kernel: [    1.635519] e1000 0000:00:03.0 enp0s3: renamed from eth0
Dec 19 19:36:21 debian kernel: [    1.640937] [drm] DMA map mode: Caching DMA mappings.
Dec 19 19:36:21 debian kernel: [    1.640965] [drm] Capabilities:
Dec 19 19:36:21 debian kernel: [    1.640966] [drm]   Rect copy.
Dec 19 19:36:21 debian kernel: [    1.640966] [drm]   Cursor.
Dec 19 19:36:21 debian kernel: [    1.640967] [drm]   Cursor bypass.
Dec 19 19:36:21 debian kernel: [    1.640967] [drm]   Cursor bypass 2.
Dec 19 19:36:21 debian kernel: [    1.640967] [drm]   Alpha cursor.
Dec 19 19:36:21 debian kernel: [    1.640968] [drm]   Extended Fifo.
Dec 19 19:36:21 debian kernel: [    1.640968] [drm]   Pitchlock.
Dec 19 19:36:21 debian kernel: [    1.640969] [drm]   Irq mask.
Dec 19 19:36:21 debian kernel: [    1.640969] [drm]   GMR.
Dec 19 19:36:21 debian kernel: [    1.640969] [drm]   Traces.
Dec 19 19:36:21 debian kernel: [    1.640970] [drm]   GMR2.
Dec 19 19:36:21 debian kernel: [    1.640970] [drm]   Screen Object 2.
Dec 19 19:36:21 debian kernel: [    1.640971] [drm]   Command Buffers.
Dec 19 19:36:21 debian kernel: [    1.640971] [drm] Max GMR ids is 8192
Dec 19 19:36:21 debian kernel: [    1.640972] [drm] Max number of GMR pages is 1048576
Dec 19 19:36:21 debian kernel: [    1.640973] [drm] Max dedicated hypervisor surface memory is 507904 kiB
Dec 19 19:36:21 debian kernel: [    1.640973] [drm] Maximum display memory size is 16384 kiB
Dec 19 19:36:21 debian kernel: [    1.640974] [drm] VRAM at 0xe0000000 size is 16384 kiB
Dec 19 19:36:21 debian kernel: [    1.640974] [drm] MMIO at 0xf0000000 size is 2048 kiB
Dec 19 19:36:21 debian kernel: [    1.641253] [TTM] Zone  kernel: Available graphics memory: 1015260 KiB
Dec 19 19:36:21 debian kernel: [    1.641254] [TTM] Initializing pool allocator
Dec 19 19:36:21 debian kernel: [    1.641258] [TTM] Initializing DMA pool allocator
Dec 19 19:36:21 debian kernel: [    1.641828] [drm] Screen Objects Display Unit initialized
Dec 19 19:36:21 debian kernel: [    1.641906] [drm] width 720
Dec 19 19:36:21 debian kernel: [    1.641913] [drm] height 400
Dec 19 19:36:21 debian kernel: [    1.641915] [drm] bpp 32
Dec 19 19:36:21 debian kernel: [    1.642026] [drm] Fifo max 0x00200000 min 0x00001000 cap 0x00000355
Dec 19 19:36:21 debian kernel: [    1.642118] [drm] Using command buffers with DMA pool.
Dec 19 19:36:21 debian kernel: [    1.642124] [drm] Atomic: yes.
Dec 19 19:36:21 debian kernel: [    1.645570] fbcon: svgadrmfb (fb0) is primary device
Dec 19 19:36:21 debian kernel: [    1.649235] Console: switching to colour frame buffer device 100x37
Dec 19 19:36:21 debian kernel: [    1.650539] [drm] Initialized vmwgfx 2.18.0 20200114 for 0000:00:02.0 on minor 0
Dec 19 19:36:21 debian kernel: [    1.974998] usb 2-1: new full-speed USB device number 2 using ohci-pci
Dec 19 19:36:21 debian kernel: [    2.301227] EXT4-fs (sda1): mounted filesystem with ordered data mode. Opts: (null)
Dec 19 19:36:21 debian kernel: [    2.342002] usb 2-1: New USB device found, idVendor=80ee, idProduct=0021, bcdDevice= 1.00
Dec 19 19:36:21 debian kernel: [    2.342005] usb 2-1: New USB device strings: Mfr=1, Product=3, SerialNumber=0
Dec 19 19:36:21 debian kernel: [    2.342006] usb 2-1: Product: USB Tablet
Dec 19 19:36:21 debian kernel: [    2.342007] usb 2-1: Manufacturer: VirtualBox
Dec 19 19:36:21 debian kernel: [    2.349691] Not activating Mandatory Access Control as /sbin/tomoyo-init does not exist.
Dec 19 19:36:21 debian kernel: [    2.705515] fuse: init (API version 7.32)
Dec 19 19:36:21 debian kernel: [    2.723602] EXT4-fs (sda1): re-mounted. Opts: errors=remount-ro
Dec 19 19:36:21 debian kernel: [    2.732414] lp: driver loaded but no devices found
Dec 19 19:36:21 debian kernel: [    2.740656] ppdev: user-space parallel port driver
Dec 19 19:36:21 debian kernel: [    3.085184] ACPI: AC Adapter [AC] (on-line)
Dec 19 19:36:21 debian kernel: [    3.104224] vboxguest: host-version: 7.0.4r154605 0x8000000f
Dec 19 19:36:21 debian kernel: [    3.111360] vbg_heartbeat_init: Setting up heartbeat to trigger every 2000 milliseconds
Dec 19 19:36:21 debian kernel: [    3.111569] input: VirtualBox mouse integration as /devices/pci0000:00/0000:00:04.0/input/input6
Dec 19 19:36:21 debian kernel: [    3.112388] vboxguest: misc device minor 61, IRQ 20, I/O port d040, MMIO at 0x00000000f0400000 (size 0x0000000000400000)
Dec 19 19:36:21 debian kernel: [    3.131720] sd 1:0:0:0: Attached scsi generic sg0 type 0
Dec 19 19:36:21 debian kernel: [    3.132836] input: PC Speaker as /devices/platform/pcspkr/input/input7
Dec 19 19:36:21 debian kernel: [    3.132863] sr 2:0:0:0: Attached scsi generic sg1 type 5
Dec 19 19:36:21 debian kernel: [    3.175441] hid: raw HID events driver (C) Jiri Kosina
Dec 19 19:36:21 debian kernel: [    3.230925] usbcore: registered new interface driver usbhid
Dec 19 19:36:21 debian kernel: [    3.230927] usbhid: USB HID core driver
Dec 19 19:36:21 debian kernel: [    3.233765] RAPL PMU: API unit is 2^-32 Joules, 0 fixed counters, 10737418240 ms ovfl timer
Dec 19 19:36:21 debian kernel: [    3.283194] cryptd: max_cpu_qlen set to 1000
Dec 19 19:36:21 debian kernel: [    3.309703] AVX2 version of gcm_enc/dec engaged.
Dec 19 19:36:21 debian kernel: [    3.309705] AES CTR mode by8 optimization enabled
Dec 19 19:36:21 debian kernel: [    3.342801] input: VirtualBox USB Tablet as /devices/pci0000:00/0000:00:06.0/usb2/2-1/2-1:1.0/0003:80EE:0021.0001/input/input8
Dec 19 19:36:21 debian kernel: [    3.342882] hid-generic 0003:80EE:0021.0001: input,hidraw0: USB HID v1.10 Mouse [VirtualBox USB Tablet] on usb-0000:00:06.0-1/input0
Dec 19 19:36:21 debian kernel: [    3.403091] Adding 998396k swap on /dev/sda5.  Priority:-2 extents:1 across:998396k FS
Dec 19 19:36:21 debian kernel: [    3.419199] audit: type=1400 audit(1671489374.939:2): apparmor="STATUS" operation="profile_load" profile="unconfined" name="libreoffice-senddoc" pid=275 comm="apparmor_parser"
Dec 19 19:36:21 debian kernel: [    3.419714] audit: type=1400 audit(1671489374.939:3): apparmor="STATUS" operation="profile_load" profile="unconfined" name="libreoffice-oopslash" pid=274 comm="apparmor_parser"
Dec 19 19:36:21 debian kernel: [    3.491014] audit: type=1400 audit(1671489375.011:4): apparmor="STATUS" operation="profile_load" profile="unconfined" name="libreoffice-xpdfimport" pid=337 comm="apparmor_parser"
Dec 19 19:36:21 debian kernel: [    3.548882] snd_intel8x0 0000:00:05.0: allow list rate for 1028:0177 is 48000
Dec 19 19:36:21 debian kernel: [    3.631879] audit: type=1400 audit(1671489375.155:5): apparmor="STATUS" operation="profile_load" profile="unconfined" name="nvidia_modprobe" pid=381 comm="apparmor_parser"
Dec 19 19:36:21 debian kernel: [    3.632888] audit: type=1400 audit(1671489375.155:6): apparmor="STATUS" operation="profile_load" profile="unconfined" name="nvidia_modprobe//kmod" pid=381 comm="apparmor_parser"
Dec 19 19:36:21 debian kernel: [    3.742182] audit: type=1400 audit(1671489375.263:7): apparmor="STATUS" operation="profile_load" profile="unconfined" name="lsb_release" pid=401 comm="apparmor_parser"
Dec 19 19:36:21 debian kernel: [    4.145713] audit: type=1400 audit(1671489375.671:8): apparmor="STATUS" operation="profile_load" profile="unconfined" name="/usr/lib/cups/backend/cups-pdf" pid=335 comm="apparmor_parser"
Dec 19 19:36:21 debian kernel: [    4.148016] audit: type=1400 audit(1671489375.671:9): apparmor="STATUS" operation="profile_load" profile="unconfined" name="/usr/sbin/cupsd" pid=335 comm="apparmor_parser"
Dec 19 19:36:21 debian kernel: [    4.148229] audit: type=1400 audit(1671489375.671:10): apparmor="STATUS" operation="profile_load" profile="unconfined" name="/usr/sbin/cupsd//third_party" pid=335 comm="apparmor_parser"
Dec 19 19:36:21 debian kernel: [   10.100161] kauditd_printk_skb: 6 callbacks suppressed
Dec 19 19:36:21 debian kernel: [   10.100163] audit: type=1400 audit(1671489381.623:17): apparmor="STATUS" operation="profile_load" profile="unconfined" name="libreoffice-soffice" pid=402 comm="apparmor_parser"
Dec 19 19:36:21 debian kernel: [   10.101664] audit: type=1400 audit(1671489381.623:18): apparmor="STATUS" operation="profile_load" profile="unconfined" name="libreoffice-soffice//gpg" pid=402 comm="apparmor_parser"
Dec 19 19:36:21 debian udisksd[420]: udisks daemon version 2.9.2 starting
Dec 19 19:36:21 debian udisksd[420]: failed to load module mdraid: libbd_mdraid.so.2: cannot open shared object file: No such file or directory
Dec 19 19:36:21 debian udisksd[420]: Failed to load the 'mdraid' libblockdev plugin
Dec 19 19:36:21 debian kernel: [   10.334851] audit: type=1400 audit(1671489381.855:19): apparmor="DENIED" operation="capable" profile="/usr/sbin/cupsd" pid=469 comm="cupsd" capability=12  capname="net_admin"
Dec 19 19:36:21 debian lightdm[478]: Could not enumerate user data directory /var/lib/lightdm/data: Error opening directory '/var/lib/lightdm/data': No such file or directory
Dec 19 19:36:21 debian kernel: [   10.410385] audit: type=1400 audit(1671489381.931:20): apparmor="DENIED" operation="capable" profile="/usr/sbin/cups-browsed" pid=486 comm="cups-browsed" capability=23  capname="sys_nice"
Dec 19 19:36:21 debian udisksd[420]: Acquired the name org.freedesktop.UDisks2 on the system message bus
Dec 19 19:36:22 debian kernel: [   10.495085] e1000: enp0s3 NIC Link is Up 1000 Mbps Full Duplex, Flow Control: RX
Dec 19 19:36:22 debian kernel: [   10.495452] IPv6: ADDRCONF(NETDEV_CHANGE): enp0s3: link becomes ready
Dec 19 19:36:23 debian lightdm[545]: Error getting user list from org.freedesktop.Accounts: GDBus.Error:org.freedesktop.DBus.Error.ServiceUnknown: The name org.freedesktop.Accounts was not provided by any .service files
Dec 19 19:36:23 debian lightdm[478]: Error getting user list from org.freedesktop.Accounts: GDBus.Error:org.freedesktop.DBus.Error.ServiceUnknown: The name org.freedesktop.Accounts was not provided by any .service files
Dec 19 19:36:23 debian pulseaudio[565]: Disabling timer-based scheduling because running inside a VM.
Dec 19 19:36:23 debian pulseaudio[565]: Disabling timer-based scheduling because running inside a VM.
Dec 19 19:36:23 debian pulseaudio[565]: Failed to open cookie file '/var/lib/lightdm/.config/pulse/cookie': Arquivo ou diretório inexistente
Dec 19 19:36:23 debian pulseaudio[565]: Failed to load authentication key '/var/lib/lightdm/.config/pulse/cookie': Arquivo ou diretório inexistente
Dec 19 19:36:23 debian pulseaudio[565]: Failed to open cookie file '/var/lib/lightdm/.pulse-cookie': Arquivo ou diretório inexistente
Dec 19 19:36:23 debian pulseaudio[565]: Failed to load authentication key '/var/lib/lightdm/.pulse-cookie': Arquivo ou diretório inexistente
Dec 19 19:36:57 debian lightdm[615]: Error getting user list from org.freedesktop.Accounts: GDBus.Error:org.freedesktop.DBus.Error.ServiceUnknown: The name org.freedesktop.Accounts was not provided by any .service files
Dec 19 19:36:57 debian lightdm[478]: g_dbus_connection_call_sync_internal: assertion 'G_IS_DBUS_CONNECTION (connection)' failed
Dec 19 19:36:57 debian pulseaudio[636]: Disabling timer-based scheduling because running inside a VM.
Dec 19 19:36:57 debian pulseaudio[636]: Disabling timer-based scheduling because running inside a VM.
Dec 19 19:36:57 debian pulseaudio[636]: Failed to open cookie file '/home/analista/.config/pulse/cookie': Arquivo ou diretório inexistente
Dec 19 19:36:57 debian pulseaudio[636]: Failed to load authentication key '/home/analista/.config/pulse/cookie': Arquivo ou diretório inexistente
Dec 19 19:36:57 debian pulseaudio[636]: Failed to open cookie file '/home/analista/.pulse-cookie': Arquivo ou diretório inexistente
Dec 19 19:36:57 debian pulseaudio[636]: Failed to load authentication key '/home/analista/.pulse-cookie': Arquivo ou diretório inexistente
Dec 19 19:36:59 debian colord[802]: failed to get edid data: EDID length is too small
Dec 19 19:37:01 debian org.freedesktop.thumbnails.Thumbnailer1[770]: Registered thumbnailer /usr/bin/gdk-pixbuf-thumbnailer -s %s %u %o
Dec 19 19:37:01 debian org.freedesktop.thumbnails.Thumbnailer1[770]: Registered thumbnailer /usr/bin/gdk-pixbuf-thumbnailer -s %s %u %o
Dec 19 19:37:01 debian org.freedesktop.thumbnails.Thumbnailer1[770]: Registered thumbnailer atril-thumbnailer -s %s %u %o
Dec 19 19:37:07 debian pipewire-media-session[573]: error id:0 seq:158 res:-32 (Broken pipe): connection error
Dec 19 19:41:52 debian vboxadd-service.sh: Starting VirtualBox Guest Addition service.
Dec 19 19:41:52 debian kernel: [  340.920987] 22:41:52.566491 main     VBoxService 7.0.4 r154605 (verbosity: 0) linux.amd64 (Nov 16 2022 17:25:52) release log
Dec 19 19:41:52 debian kernel: [  340.920987] 22:41:52.56649
Dec 19 19:41:52 debian kernel: [  340.921246] 22:41:52.567252 main     OS Product: Linux
Dec 19 19:41:52 debian kernel: [  340.921497] 22:41:52.567484 main     OS Release: 5.10.0-20-amd64
Dec 19 19:41:52 debian kernel: [  340.921851] 22:41:52.567734 main     OS Version: #1 SMP Debian 5.10.158-2 (2022-12-13)
Dec 19 19:41:52 debian vboxadd-service.sh: VirtualBox Guest Addition service started.
Dec 19 19:41:52 debian kernel: [  340.922707] 22:41:52.568087 main     Executable: /opt/VBoxGuestAdditions-7.0.4/sbin/VBoxService
Dec 19 19:41:52 debian kernel: [  340.922707] 22:41:52.568088 main     Process ID: 1541
Dec 19 19:41:52 debian kernel: [  340.922707] 2
Dec 19 19:41:52 debian kernel: [  340.925041] 22:41:52.570972 main     7.0.4 r154605 started. Verbose level = 0
Dec 19 19:41:52 debian kernel: [  340.928290] 22:41:52.574132 main     vbglR3GuestCtrlDetectPeekGetCancelSupport: Supported (#1)
Dec 19 19:41:52 debian kernel: [  340.928911] 22:41:52.574217 main     VBoxClient 7.0.4 r154605 (verbosity: 0) linux.amd64 (Nov 16 2022 17:25:59) release log
Dec 19 19:41:52 debian kernel: [  340.928911] 22:41:52.574219
Dec 19 19:41:52 debian kernel: [  340.929239] 22:41:52.575256 main     OS Product: Linux
Dec 19 19:41:52 debian kernel: [  340.929500] 22:41:52.575477 main     OS Release: 5.10.0-20-amd64
Dec 19 19:41:52 debian kernel: [  340.929929] 22:41:52.575763 main     OS Version: #1 SMP Debian 5.10.158-2 (2022-12-13)
Dec 19 19:41:52 debian kernel: [  340.930504] 22:41:52.576179 main     Executable: /opt/VBoxGuestAdditions-7.0.4/bin/VBoxDRMClient
Dec 19 19:41:52 debian kernel: [  340.930504] 22:41:52.576180 main     Process ID: 1545
Dec 19 19:41:52 debian kernel: [  340.931723] 22:41:52.577520 main     VBoxDRMClient: found compatible device: /dev/dri/renderD128
Dec 19 19:41:52 debian kernel: [  340.933534] 22:41:52.578947 main     VBoxDRMClient: IPC server socket access granted to all users
Dec 19 19:43:07 debian gnome-keyring-d[1701]: couldn't access control socket: /run/user/1000/keyring/control: Arquivo ou diretório inexistente
Dec 19 19:43:37 debian xdg-desktop-por[1672]: Failed to get application states: GDBus.Error:org.freedesktop.portal.Error.Failed: Could not get window list
Dec 19 19:43:40 debian org.freedesktop.thumbnails.Thumbnailer1[2244]: Registered thumbnailer /usr/bin/gdk-pixbuf-thumbnailer -s %s %u %o
Dec 19 19:43:40 debian org.freedesktop.thumbnails.Thumbnailer1[2244]: Registered thumbnailer /usr/bin/gdk-pixbuf-thumbnailer -s %s %u %o
Dec 19 19:43:40 debian org.freedesktop.thumbnails.Thumbnailer1[2244]: Registered thumbnailer atril-thumbnailer -s %s %u %o
Dec 19 19:46:17 debian kernel: [  340.957249] 22:41:52.602631 DrmResizeThread VBoxDRMClient: push screen layout data of 1 display(s) to DRM stack, fPartialLayout=false, rc=V
Dec 19 19:47:39 debian rsyslogd: imuxsock: Acquired UNIX socket '/run/systemd/journal/syslog' (fd 3) from systemd.  [v8.2102.0]
Dec 19 19:47:39 debian rsyslogd: [origin software="rsyslogd" swVersion="8.2102.0" x-pid="394" x-info="https://www.rsyslog.com"] start
Dec 19 19:47:39 debian udisksd[399]: udisks daemon version 2.9.2 starting
Dec 19 19:47:39 debian kernel: [    0.000000] Linux version 5.10.0-20-amd64 (debian-kernel@lists.debian.org) (gcc-10 (Debian 10.2.1-6) 10.2.1 20210110, GNU ld (GNU Binutils for Debian) 2.35.2) #1 SMP Debian 5.10.158-2 (2022-12-13)
Dec 19 19:47:39 debian kernel: [    0.000000] Command line: BOOT_IMAGE=/boot/vmlinuz-5.10.0-20-amd64 root=UUID=e7221505-6359-4f94-8394-28790b2bd726 ro quiet
Dec 19 19:47:39 debian kernel: [    0.000000] x86/fpu: Supporting XSAVE feature 0x001: 'x87 floating point registers'
Dec 19 19:47:39 debian kernel: [    0.000000] x86/fpu: Supporting XSAVE feature 0x002: 'SSE registers'
Dec 19 19:47:39 debian kernel: [    0.000000] x86/fpu: Supporting XSAVE feature 0x004: 'AVX registers'
Dec 19 19:47:39 debian kernel: [    0.000000] x86/fpu: xstate_offset[2]:  576, xstate_sizes[2]:  256
Dec 19 19:47:39 debian kernel: [    0.000000] x86/fpu: Enabled xstate features 0x7, context size is 832 bytes, using 'standard' format.
Dec 19 19:47:39 debian kernel: [    0.000000] BIOS-provided physical RAM map:
Dec 19 19:47:39 debian kernel: [    0.000000] BIOS-e820: [mem 0x0000000000000000-0x000000000009fbff] usable
Dec 19 19:47:39 debian kernel: [    0.000000] BIOS-e820: [mem 0x000000000009fc00-0x000000000009ffff] reserved
Dec 19 19:47:39 debian kernel: [    0.000000] BIOS-e820: [mem 0x00000000000f0000-0x00000000000fffff] reserved
Dec 19 19:47:39 debian kernel: [    0.000000] BIOS-e820: [mem 0x0000000000100000-0x000000007ffeffff] usable
Dec 19 19:47:39 debian kernel: [    0.000000] BIOS-e820: [mem 0x000000007fff0000-0x000000007fffffff] ACPI data
Dec 19 19:47:39 debian kernel: [    0.000000] BIOS-e820: [mem 0x00000000fec00000-0x00000000fec00fff] reserved
Dec 19 19:47:39 debian kernel: [    0.000000] BIOS-e820: [mem 0x00000000fee00000-0x00000000fee00fff] reserved
Dec 19 19:47:39 debian kernel: [    0.000000] BIOS-e820: [mem 0x00000000fffc0000-0x00000000ffffffff] reserved
Dec 19 19:47:39 debian kernel: [    0.000000] NX (Execute Disable) protection: active
Dec 19 19:47:39 debian kernel: [    0.000000] SMBIOS 2.5 present.
Dec 19 19:47:39 debian kernel: [    0.000000] DMI: innotek GmbH VirtualBox/VirtualBox, BIOS VirtualBox 12/01/2006
Dec 19 19:47:39 debian kernel: [    0.000000] Hypervisor detected: KVM
Dec 19 19:47:39 debian kernel: [    0.000000] kvm-clock: Using msrs 4b564d01 and 4b564d00
Dec 19 19:47:39 debian kernel: [    0.000000] kvm-clock: cpu 0, msr 66201001, primary cpu clock
Dec 19 19:47:39 debian kernel: [    0.000000] kvm-clock: using sched offset of 9101974667 cycles
Dec 19 19:47:39 debian kernel: [    0.000023] clocksource: kvm-clock: mask: 0xffffffffffffffff max_cycles: 0x1cd42e4dffb, max_idle_ns: 881590591483 ns
Dec 19 19:47:39 debian kernel: [    0.000025] tsc: Detected 1992.004 MHz processor
Dec 19 19:47:39 debian kernel: [    0.001042] last_pfn = 0x7fff0 max_arch_pfn = 0x400000000
Dec 19 19:47:39 debian kernel: [    0.001053] Disabled
Dec 19 19:47:39 debian kernel: [    0.001054] x86/PAT: MTRRs disabled, skipping PAT initialization too.
Dec 19 19:47:39 debian kernel: [    0.001056] CPU MTRRs all blank - virtualized system.
Dec 19 19:47:39 debian kernel: [    0.001058] x86/PAT: Configuration [0-7]: WB  WT  UC- UC  WB  WT  UC- UC  
Dec 19 19:47:39 debian kernel: [    0.001099] found SMP MP-table at [mem 0x0009fff0-0x0009ffff]
Dec 19 19:47:39 debian kernel: [    0.070187] RAMDISK: [mem 0x32e1f000-0x35706fff]
Dec 19 19:47:39 debian kernel: [    0.070192] ACPI: Early table checksum verification disabled
Dec 19 19:47:39 debian kernel: [    0.070195] ACPI: RSDP 0x00000000000E0000 000024 (v02 VBOX  )
Dec 19 19:47:39 debian kernel: [    0.070200] ACPI: XSDT 0x000000007FFF0030 00003C (v01 VBOX   VBOXXSDT 00000001 ASL  00000061)
Dec 19 19:47:39 debian kernel: [    0.070205] ACPI: FACP 0x000000007FFF00F0 0000F4 (v04 VBOX   VBOXFACP 00000001 ASL  00000061)
Dec 19 19:47:39 debian kernel: [    0.070211] ACPI: DSDT 0x000000007FFF0610 002353 (v02 VBOX   VBOXBIOS 00000002 INTL 20200925)
Dec 19 19:47:39 debian kernel: [    0.070215] ACPI: FACS 0x000000007FFF0200 000040
Dec 19 19:47:39 debian kernel: [    0.070219] ACPI: FACS 0x000000007FFF0200 000040
Dec 19 19:47:39 debian kernel: [    0.070222] ACPI: APIC 0x000000007FFF0240 00005C (v02 VBOX   VBOXAPIC 00000001 ASL  00000061)
Dec 19 19:47:39 debian kernel: [    0.070226] ACPI: SSDT 0x000000007FFF02A0 00036C (v01 VBOX   VBOXCPUT 00000002 INTL 20200925)
Dec 19 19:47:39 debian kernel: [    0.070230] ACPI: Reserving FACP table memory at [mem 0x7fff00f0-0x7fff01e3]
Dec 19 19:47:39 debian kernel: [    0.070231] ACPI: Reserving DSDT table memory at [mem 0x7fff0610-0x7fff2962]
Dec 19 19:47:39 debian kernel: [    0.070232] ACPI: Reserving FACS table memory at [mem 0x7fff0200-0x7fff023f]
Dec 19 19:47:39 debian kernel: [    0.070233] ACPI: Reserving FACS table memory at [mem 0x7fff0200-0x7fff023f]
Dec 19 19:47:39 debian kernel: [    0.070234] ACPI: Reserving APIC table memory at [mem 0x7fff0240-0x7fff029b]
Dec 19 19:47:39 debian kernel: [    0.070235] ACPI: Reserving SSDT table memory at [mem 0x7fff02a0-0x7fff060b]
Dec 19 19:47:39 debian kernel: [    0.070398] No NUMA configuration found
Dec 19 19:47:39 debian kernel: [    0.070399] Faking a node at [mem 0x0000000000000000-0x000000007ffeffff]
Dec 19 19:47:39 debian kernel: [    0.070407] NODE_DATA(0) allocated [mem 0x7ffc6000-0x7ffeffff]
Dec 19 19:47:39 debian kernel: [    0.070832] Zone ranges:
Dec 19 19:47:39 debian kernel: [    0.070834]   DMA      [mem 0x0000000000001000-0x0000000000ffffff]
Dec 19 19:47:39 debian kernel: [    0.070836]   DMA32    [mem 0x0000000001000000-0x000000007ffeffff]
Dec 19 19:47:39 debian kernel: [    0.070838]   Normal   empty
Dec 19 19:47:39 debian kernel: [    0.070840]   Device   empty
Dec 19 19:47:39 debian kernel: [    0.070841] Movable zone start for each node
Dec 19 19:47:39 debian kernel: [    0.070844] Early memory node ranges
Dec 19 19:47:39 debian kernel: [    0.070845]   node   0: [mem 0x0000000000001000-0x000000000009efff]
Dec 19 19:47:39 debian kernel: [    0.070847]   node   0: [mem 0x0000000000100000-0x000000007ffeffff]
Dec 19 19:47:39 debian kernel: [    0.070849] Initmem setup node 0 [mem 0x0000000000001000-0x000000007ffeffff]
Dec 19 19:47:39 debian kernel: [    0.070859] On node 0, zone DMA: 1 pages in unavailable ranges
Dec 19 19:47:39 debian kernel: [    0.070894] On node 0, zone DMA: 97 pages in unavailable ranges
Dec 19 19:47:39 debian kernel: [    0.071437] On node 0, zone DMA32: 16 pages in unavailable ranges
Dec 19 19:47:39 debian kernel: [    0.071789] ACPI: PM-Timer IO Port: 0x4008
Dec 19 19:47:39 debian kernel: [    0.071853] IOAPIC[0]: apic_id 2, version 32, address 0xfec00000, GSI 0-23
Dec 19 19:47:39 debian kernel: [    0.071856] ACPI: INT_SRC_OVR (bus 0 bus_irq 0 global_irq 2 dfl dfl)
Dec 19 19:47:39 debian kernel: [    0.071857] ACPI: INT_SRC_OVR (bus 0 bus_irq 9 global_irq 9 low level)
Dec 19 19:47:39 debian kernel: [    0.071862] Using ACPI (MADT) for SMP configuration information
Dec 19 19:47:39 debian kernel: [    0.071869] smpboot: Allowing 2 CPUs, 0 hotplug CPUs
Dec 19 19:47:39 debian kernel: [    0.071887] PM: hibernation: Registered nosave memory: [mem 0x00000000-0x00000fff]
Dec 19 19:47:39 debian kernel: [    0.071888] PM: hibernation: Registered nosave memory: [mem 0x0009f000-0x0009ffff]
Dec 19 19:47:39 debian kernel: [    0.071889] PM: hibernation: Registered nosave memory: [mem 0x000a0000-0x000effff]
Dec 19 19:47:39 debian kernel: [    0.071890] PM: hibernation: Registered nosave memory: [mem 0x000f0000-0x000fffff]
Dec 19 19:47:39 debian kernel: [    0.071892] [mem 0x80000000-0xfebfffff] available for PCI devices
Dec 19 19:47:39 debian kernel: [    0.071893] Booting paravirtualized kernel on KVM
Dec 19 19:47:39 debian kernel: [    0.071896] clocksource: refined-jiffies: mask: 0xffffffff max_cycles: 0xffffffff, max_idle_ns: 7645519600211568 ns
Dec 19 19:47:39 debian kernel: [    0.075361] setup_percpu: NR_CPUS:8192 nr_cpumask_bits:2 nr_cpu_ids:2 nr_node_ids:1
Dec 19 19:47:39 debian kernel: [    0.075474] percpu: Embedded 63 pages/cpu s221184 r8192 d28672 u1048576
Dec 19 19:47:39 debian kernel: [    0.075504] kvm-guest: PV spinlocks enabled
Dec 19 19:47:39 debian kernel: [    0.075507] PV qspinlock hash table entries: 256 (order: 0, 4096 bytes, linear)
Dec 19 19:47:39 debian kernel: [    0.075514] Built 1 zonelists, mobility grouping on.  Total pages: 515961
Dec 19 19:47:39 debian kernel: [    0.075515] Policy zone: DMA32
Dec 19 19:47:39 debian kernel: [    0.075517] Kernel command line: BOOT_IMAGE=/boot/vmlinuz-5.10.0-20-amd64 root=UUID=e7221505-6359-4f94-8394-28790b2bd726 ro quiet
Dec 19 19:47:39 debian kernel: [    0.075638] Dentry cache hash table entries: 262144 (order: 9, 2097152 bytes, linear)
Dec 19 19:47:39 debian kernel: [    0.075694] Inode-cache hash table entries: 131072 (order: 8, 1048576 bytes, linear)
Dec 19 19:47:39 debian kernel: [    0.075738] mem auto-init: stack:off, heap alloc:on, heap free:off
Dec 19 19:47:39 debian kernel: [    0.078415] Memory: 261408K/2096696K available (12295K kernel code, 2536K rwdata, 7556K rodata, 2664K init, 5468K bss, 115472K reserved, 0K cma-reserved)
Dec 19 19:47:39 debian kernel: [    0.079165] SLUB: HWalign=64, Order=0-3, MinObjects=0, CPUs=2, Nodes=1
Dec 19 19:47:39 debian kernel: [    0.079201] Kernel/User page tables isolation: enabled
Dec 19 19:47:39 debian kernel: [    0.079217] ftrace: allocating 36508 entries in 143 pages
Dec 19 19:47:39 debian kernel: [    0.098308] ftrace: allocated 143 pages with 5 groups
Dec 19 19:47:39 debian kernel: [    0.098443] rcu: Hierarchical RCU implementation.
Dec 19 19:47:39 debian kernel: [    0.098444] rcu: 	RCU restricting CPUs from NR_CPUS=8192 to nr_cpu_ids=2.
Dec 19 19:47:39 debian kernel: [    0.098445] 	Rude variant of Tasks RCU enabled.
Dec 19 19:47:39 debian kernel: [    0.098446] 	Tracing variant of Tasks RCU enabled.
Dec 19 19:47:39 debian kernel: [    0.098447] rcu: RCU calculated value of scheduler-enlistment delay is 25 jiffies.
Dec 19 19:47:39 debian kernel: [    0.098448] rcu: Adjusting geometry for rcu_fanout_leaf=16, nr_cpu_ids=2
Dec 19 19:47:39 debian kernel: [    0.103234] NR_IRQS: 524544, nr_irqs: 440, preallocated irqs: 16
Dec 19 19:47:39 debian kernel: [    0.103509] random: crng init done
Dec 19 19:47:39 debian kernel: [    0.117087] Console: colour VGA+ 80x25
Dec 19 19:47:39 debian kernel: [    0.117098] printk: console [tty0] enabled
Dec 19 19:47:39 debian kernel: [    0.117118] ACPI: Core revision 20200925
Dec 19 19:47:39 debian kernel: [    0.117212] APIC: Switch to symmetric I/O mode setup
Dec 19 19:47:39 debian kernel: [    0.117533] x2apic enabled
Dec 19 19:47:39 debian kernel: [    0.117846] Switched APIC routing to physical x2apic.
Dec 19 19:47:39 debian kernel: [    0.119259] ..TIMER: vector=0x30 apic1=0 pin1=2 apic2=-1 pin2=-1
Dec 19 19:47:39 debian kernel: [    0.119291] clocksource: tsc-early: mask: 0xffffffffffffffff max_cycles: 0x396d59a56c3, max_idle_ns: 881590573781 ns
Dec 19 19:47:39 debian kernel: [    0.119295] Calibrating delay loop (skipped) preset value.. 3984.00 BogoMIPS (lpj=7968016)
Dec 19 19:47:39 debian kernel: [    0.119298] pid_max: default: 32768 minimum: 301
Dec 19 19:47:39 debian kernel: [    0.119324] LSM: Security Framework initializing
Dec 19 19:47:39 debian kernel: [    0.119332] Yama: disabled by default; enable with sysctl kernel.yama.*
Dec 19 19:47:39 debian kernel: [    0.119353] AppArmor: AppArmor initialized
Dec 19 19:47:39 debian kernel: [    0.119355] TOMOYO Linux initialized
Dec 19 19:47:39 debian kernel: [    0.119369] Mount-cache hash table entries: 4096 (order: 3, 32768 bytes, linear)
Dec 19 19:47:39 debian kernel: [    0.119372] Mountpoint-cache hash table entries: 4096 (order: 3, 32768 bytes, linear)
Dec 19 19:47:39 debian kernel: [    0.119680] Last level iTLB entries: 4KB 64, 2MB 8, 4MB 8
Dec 19 19:47:39 debian kernel: [    0.119681] Last level dTLB entries: 4KB 64, 2MB 0, 4MB 0, 1GB 4
Dec 19 19:47:39 debian kernel: [    0.119685] Spectre V1 : Mitigation: usercopy/swapgs barriers and __user pointer sanitization
Dec 19 19:47:39 debian kernel: [    0.119687] Spectre V2 : Mitigation: Retpolines
Dec 19 19:47:39 debian kernel: [    0.119687] Spectre V2 : Spectre v2 / SpectreRSB mitigation: Filling RSB on context switch
Dec 19 19:47:39 debian kernel: [    0.119688] Spectre V2 : Spectre v2 / SpectreRSB : Filling RSB on VMEXIT
Dec 19 19:47:39 debian kernel: [    0.120141] RETBleed: Vulnerable
Dec 19 19:47:39 debian kernel: [    0.120142] Speculative Store Bypass: Vulnerable
Dec 19 19:47:39 debian kernel: [    0.120147] MDS: Mitigation: Clear CPU buffers
Dec 19 19:47:39 debian kernel: [    0.120148] MMIO Stale Data: Mitigation: Clear CPU buffers
Dec 19 19:47:39 debian kernel: [    0.120150] SRBDS: Unknown: Dependent on hypervisor status
Dec 19 19:47:39 debian kernel: [    0.123293] Freeing SMP alternatives memory: 32K
Dec 19 19:47:39 debian kernel: [    0.239013] APIC calibration not consistent with PM-Timer: 101ms instead of 100ms
Dec 19 19:47:39 debian kernel: [    0.239015] APIC delta adjusted to PM-Timer: 6355106 (6480663)
Dec 19 19:47:39 debian kernel: [    0.239085] smpboot: CPU0: Intel(R) Core(TM) i7-8550U CPU @ 1.80GHz (family: 0x6, model: 0x8e, stepping: 0xa)
Dec 19 19:47:39 debian kernel: [    0.239209] Performance Events: unsupported p6 CPU model 142 no PMU driver, software events only.
Dec 19 19:47:39 debian kernel: [    0.239239] rcu: Hierarchical SRCU implementation.
Dec 19 19:47:39 debian kernel: [    0.239293] NMI watchdog: Perf NMI watchdog permanently disabled
Dec 19 19:47:39 debian kernel: [    0.239293] smp: Bringing up secondary CPUs ...
Dec 19 19:47:39 debian kernel: [    0.239293] x86: Booting SMP configuration:
Dec 19 19:47:39 debian kernel: [    0.239293] .... node  #0, CPUs:      #1
Dec 19 19:47:39 debian kernel: [    0.019806] kvm-clock: cpu 1, msr 66201041, secondary cpu clock
Dec 19 19:47:39 debian kernel: [    0.239293] smp: Brought up 1 node, 2 CPUs
Dec 19 19:47:39 debian kernel: [    0.239293] smpboot: Max logical packages: 1
Dec 19 19:47:39 debian kernel: [    0.239293] smpboot: Total of 2 processors activated (7968.01 BogoMIPS)
Dec 19 19:47:39 debian kernel: [    0.239744] node 0 deferred pages initialised in 4ms
Dec 19 19:47:39 debian kernel: [    0.239781] devtmpfs: initialized
Dec 19 19:47:39 debian kernel: [    0.239781] x86/mm: Memory block size: 128MB
Dec 19 19:47:39 debian kernel: [    0.239781] clocksource: jiffies: mask: 0xffffffff max_cycles: 0xffffffff, max_idle_ns: 7645041785100000 ns
Dec 19 19:47:39 debian kernel: [    0.239781] futex hash table entries: 512 (order: 3, 32768 bytes, linear)
Dec 19 19:47:39 debian kernel: [    0.239781] pinctrl core: initialized pinctrl subsystem
Dec 19 19:47:39 debian kernel: [    0.243418] NET: Registered protocol family 16
Dec 19 19:47:39 debian kernel: [    0.243492] DMA: preallocated 256 KiB GFP_KERNEL pool for atomic allocations
Dec 19 19:47:39 debian kernel: [    0.243505] DMA: preallocated 256 KiB GFP_KERNEL|GFP_DMA pool for atomic allocations
Dec 19 19:47:39 debian kernel: [    0.243519] DMA: preallocated 256 KiB GFP_KERNEL|GFP_DMA32 pool for atomic allocations
Dec 19 19:47:39 debian kernel: [    0.243524] audit: initializing netlink subsys (disabled)
Dec 19 19:47:39 debian kernel: [    0.243535] thermal_sys: Registered thermal governor 'fair_share'
Dec 19 19:47:39 debian kernel: [    0.243535] thermal_sys: Registered thermal governor 'bang_bang'
Dec 19 19:47:39 debian kernel: [    0.243535] thermal_sys: Registered thermal governor 'step_wise'
Dec 19 19:47:39 debian kernel: [    0.243535] thermal_sys: Registered thermal governor 'user_space'
Dec 19 19:47:39 debian kernel: [    0.243535] thermal_sys: Registered thermal governor 'power_allocator'
Dec 19 19:47:39 debian kernel: [    0.243535] cpuidle: using governor ladder
Dec 19 19:47:39 debian kernel: [    0.243535] cpuidle: using governor menu
Dec 19 19:47:39 debian kernel: [    0.243535] ACPI: bus type PCI registered
Dec 19 19:47:39 debian kernel: [    0.243535] acpiphp: ACPI Hot Plug PCI Controller Driver version: 0.5
Dec 19 19:47:39 debian kernel: [    0.243535] PCI: Using configuration type 1 for base access
Dec 19 19:47:39 debian kernel: [    0.244220] Kprobes globally optimized
Dec 19 19:47:39 debian kernel: [    0.244229] audit: type=2000 audit(1671490066.901:1): state=initialized audit_enabled=0 res=1
Dec 19 19:47:39 debian kernel: [    0.244231] HugeTLB registered 2.00 MiB page size, pre-allocated 0 pages
Dec 19 19:47:39 debian kernel: [    0.347357] ACPI: Added _OSI(Module Device)
Dec 19 19:47:39 debian kernel: [    0.347358] ACPI: Added _OSI(Processor Device)
Dec 19 19:47:39 debian kernel: [    0.347359] ACPI: Added _OSI(3.0 _SCP Extensions)
Dec 19 19:47:39 debian kernel: [    0.347359] ACPI: Added _OSI(Processor Aggregator Device)
Dec 19 19:47:39 debian kernel: [    0.347360] ACPI: Added _OSI(Linux-Dell-Video)
Dec 19 19:47:39 debian kernel: [    0.347361] ACPI: Added _OSI(Linux-Lenovo-NV-HDMI-Audio)
Dec 19 19:47:39 debian kernel: [    0.347362] ACPI: Added _OSI(Linux-HPI-Hybrid-Graphics)
Dec 19 19:47:39 debian kernel: [    0.348981] ACPI: 2 ACPI AML tables successfully acquired and loaded
Dec 19 19:47:39 debian kernel: [    0.350135] ACPI: Interpreter enabled
Dec 19 19:47:39 debian kernel: [    0.350143] ACPI: (supports S0 S5)
Dec 19 19:47:39 debian kernel: [    0.350145] ACPI: Using IOAPIC for interrupt routing
Dec 19 19:47:39 debian kernel: [    0.350298] PCI: Using host bridge windows from ACPI; if necessary, use "pci=nocrs" and report a bug
Dec 19 19:47:39 debian kernel: [    0.350388] ACPI: Enabled 2 GPEs in block 00 to 07
Dec 19 19:47:39 debian kernel: [    0.354227] ACPI: PCI Root Bridge [PCI0] (domain 0000 [bus 00-ff])
Dec 19 19:47:39 debian kernel: [    0.354230] acpi PNP0A03:00: _OSC: OS supports [ASPM ClockPM Segments MSI HPX-Type3]
Dec 19 19:47:39 debian kernel: [    0.354554] acpi PNP0A03:00: _OSC: not requesting OS control; OS requires [ExtendedConfig ASPM ClockPM MSI]
Dec 19 19:47:39 debian kernel: [    0.354560] acpi PNP0A03:00: fail to add MMCONFIG information, can't access extended PCI configuration space under this bridge.
Dec 19 19:47:39 debian kernel: [    0.354825] PCI host bridge to bus 0000:00
Dec 19 19:47:39 debian kernel: [    0.354827] pci_bus 0000:00: root bus resource [io  0x0000-0x0cf7 window]
Dec 19 19:47:39 debian kernel: [    0.354828] pci_bus 0000:00: root bus resource [io  0x0d00-0xffff window]
Dec 19 19:47:39 debian kernel: [    0.354829] pci_bus 0000:00: root bus resource [mem 0x000a0000-0x000bffff window]
Dec 19 19:47:39 debian kernel: [    0.354830] pci_bus 0000:00: root bus resource [mem 0x80000000-0xfdffffff window]
Dec 19 19:47:39 debian kernel: [    0.354832] pci_bus 0000:00: root bus resource [bus 00-ff]
Dec 19 19:47:39 debian kernel: [    0.354865] pci 0000:00:00.0: [8086:1237] type 00 class 0x060000
Dec 19 19:47:39 debian kernel: [    0.355293] pci 0000:00:01.0: [8086:7000] type 00 class 0x060100
Dec 19 19:47:39 debian kernel: [    0.355788] pci 0000:00:01.1: [8086:7111] type 00 class 0x01018a
Dec 19 19:47:39 debian kernel: [    0.356070] pci 0000:00:01.1: reg 0x20: [io  0xd000-0xd00f]
Dec 19 19:47:39 debian kernel: [    0.356181] pci 0000:00:01.1: legacy IDE quirk: reg 0x10: [io  0x01f0-0x01f7]
Dec 19 19:47:39 debian kernel: [    0.356182] pci 0000:00:01.1: legacy IDE quirk: reg 0x14: [io  0x03f6]
Dec 19 19:47:39 debian kernel: [    0.356183] pci 0000:00:01.1: legacy IDE quirk: reg 0x18: [io  0x0170-0x0177]
Dec 19 19:47:39 debian kernel: [    0.356184] pci 0000:00:01.1: legacy IDE quirk: reg 0x1c: [io  0x0376]
Dec 19 19:47:39 debian kernel: [    0.356385] pci 0000:00:02.0: [15ad:0405] type 00 class 0x030000
Dec 19 19:47:39 debian kernel: [    0.357397] pci 0000:00:02.0: reg 0x10: [io  0xd010-0xd01f]
Dec 19 19:47:39 debian kernel: [    0.358286] pci 0000:00:02.0: reg 0x14: [mem 0xe0000000-0xe0ffffff pref]
Dec 19 19:47:39 debian kernel: [    0.359034] pci 0000:00:02.0: reg 0x18: [mem 0xf0000000-0xf01fffff]
Dec 19 19:47:39 debian kernel: [    0.361794] pci 0000:00:03.0: [8086:100e] type 00 class 0x020000
Dec 19 19:47:39 debian kernel: [    0.362389] pci 0000:00:03.0: reg 0x10: [mem 0xf0200000-0xf021ffff]
Dec 19 19:47:39 debian kernel: [    0.363392] pci 0000:00:03.0: reg 0x18: [io  0xd020-0xd027]
Dec 19 19:47:39 debian kernel: [    0.367293] pci 0000:00:04.0: [80ee:cafe] type 00 class 0x088000
Dec 19 19:47:39 debian kernel: [    0.367345] pci 0000:00:04.0: reg 0x10: [io  0xd040-0xd05f]
Dec 19 19:47:39 debian kernel: [    0.368428] pci 0000:00:04.0: reg 0x14: [mem 0xf0400000-0xf07fffff]
Dec 19 19:47:39 debian kernel: [    0.369061] pci 0000:00:04.0: reg 0x18: [mem 0xf0800000-0xf0803fff pref]
Dec 19 19:47:39 debian kernel: [    0.372087] pci 0000:00:05.0: [8086:2415] type 00 class 0x040100
Dec 19 19:47:39 debian kernel: [    0.372172] pci 0000:00:05.0: reg 0x10: [io  0xd100-0xd1ff]
Dec 19 19:47:39 debian kernel: [    0.372217] pci 0000:00:05.0: reg 0x14: [io  0xd200-0xd23f]
Dec 19 19:47:39 debian kernel: [    0.372630] pci 0000:00:06.0: [106b:003f] type 00 class 0x0c0310
Dec 19 19:47:39 debian kernel: [    0.373289] pci 0000:00:06.0: reg 0x10: [mem 0xf0804000-0xf0804fff]
Dec 19 19:47:39 debian kernel: [    0.378505] pci 0000:00:07.0: [8086:7113] type 00 class 0x068000
Dec 19 19:47:39 debian kernel: [    0.378898] pci 0000:00:07.0: quirk: [io  0x4000-0x403f] claimed by PIIX4 ACPI
Dec 19 19:47:39 debian kernel: [    0.378906] pci 0000:00:07.0: quirk: [io  0x4100-0x410f] claimed by PIIX4 SMB
Dec 19 19:47:39 debian kernel: [    0.379462] pci 0000:00:0b.0: [8086:265c] type 00 class 0x0c0320
Dec 19 19:47:39 debian kernel: [    0.381004] pci 0000:00:0b.0: reg 0x10: [mem 0xf0805000-0xf0805fff]
Dec 19 19:47:39 debian kernel: [    0.385177] pci 0000:00:0d.0: [8086:2829] type 00 class 0x010601
Dec 19 19:47:39 debian kernel: [    0.385715] pci 0000:00:0d.0: reg 0x10: [io  0xd240-0xd247]
Dec 19 19:47:39 debian kernel: [    0.386221] pci 0000:00:0d.0: reg 0x14: [io  0xd248-0xd24b]
Dec 19 19:47:39 debian kernel: [    0.386704] pci 0000:00:0d.0: reg 0x18: [io  0xd250-0xd257]
Dec 19 19:47:39 debian kernel: [    0.387186] pci 0000:00:0d.0: reg 0x1c: [io  0xd258-0xd25b]
Dec 19 19:47:39 debian kernel: [    0.387357] pci 0000:00:0d.0: reg 0x20: [io  0xd260-0xd26f]
Dec 19 19:47:39 debian kernel: [    0.387916] pci 0000:00:0d.0: reg 0x24: [mem 0xf0806000-0xf0807fff]
Dec 19 19:47:39 debian kernel: [    0.389625] ACPI: PCI Interrupt Link [LNKA] (IRQs 5 9 10 *11)
Dec 19 19:47:39 debian kernel: [    0.389810] ACPI: PCI Interrupt Link [LNKB] (IRQs 5 9 *10 11)
Dec 19 19:47:39 debian kernel: [    0.389878] ACPI: PCI Interrupt Link [LNKC] (IRQs 5 *9 10 11)
Dec 19 19:47:39 debian kernel: [    0.389945] ACPI: PCI Interrupt Link [LNKD] (IRQs 5 9 10 *11)
Dec 19 19:47:39 debian kernel: [    0.390052] iommu: Default domain type: Translated 
Dec 19 19:47:39 debian kernel: [    0.390088] pci 0000:00:02.0: vgaarb: setting as boot VGA device
Dec 19 19:47:39 debian kernel: [    0.390089] pci 0000:00:02.0: vgaarb: VGA device added: decodes=io+mem,owns=io+mem,locks=none
Dec 19 19:47:39 debian kernel: [    0.390091] pci 0000:00:02.0: vgaarb: bridge control possible
Dec 19 19:47:39 debian kernel: [    0.390092] vgaarb: loaded
Dec 19 19:47:39 debian kernel: [    0.390139] EDAC MC: Ver: 3.0.0
Dec 19 19:47:39 debian kernel: [    0.390299] NetLabel: Initializing
Dec 19 19:47:39 debian kernel: [    0.390299] NetLabel:  domain hash size = 128
Dec 19 19:47:39 debian kernel: [    0.390299] NetLabel:  protocols = UNLABELED CIPSOv4 CALIPSO
Dec 19 19:47:39 debian kernel: [    0.390299] NetLabel:  unlabeled traffic allowed by default
Dec 19 19:47:39 debian kernel: [    0.390299] PCI: Using ACPI for IRQ routing
Dec 19 19:47:39 debian kernel: [    0.390299] clocksource: Switched to clocksource kvm-clock
Dec 19 19:47:39 debian kernel: [    0.395449] VFS: Disk quotas dquot_6.6.0
Dec 19 19:47:39 debian kernel: [    0.395449] VFS: Dquot-cache hash table entries: 512 (order 0, 4096 bytes)
Dec 19 19:47:39 debian kernel: [    0.395449] AppArmor: AppArmor Filesystem Enabled
Dec 19 19:47:39 debian kernel: [    0.395449] pnp: PnP ACPI init
Dec 19 19:47:39 debian kernel: [    0.395449] pnp: PnP ACPI: found 2 devices
Dec 19 19:47:39 debian kernel: [    0.403739] clocksource: acpi_pm: mask: 0xffffff max_cycles: 0xffffff, max_idle_ns: 2085701024 ns
Dec 19 19:47:39 debian kernel: [    0.403816] NET: Registered protocol family 2
Dec 19 19:47:39 debian kernel: [    0.403850] IP idents hash table entries: 32768 (order: 6, 262144 bytes, linear)
Dec 19 19:47:39 debian kernel: [    0.404373] tcp_listen_portaddr_hash hash table entries: 1024 (order: 2, 16384 bytes, linear)
Dec 19 19:47:39 debian kernel: [    0.404404] TCP established hash table entries: 16384 (order: 5, 131072 bytes, linear)
Dec 19 19:47:39 debian kernel: [    0.404433] TCP bind hash table entries: 16384 (order: 6, 262144 bytes, linear)
Dec 19 19:47:39 debian kernel: [    0.404456] TCP: Hash tables configured (established 16384 bind 16384)
Dec 19 19:47:39 debian kernel: [    0.404484] UDP hash table entries: 1024 (order: 3, 32768 bytes, linear)
Dec 19 19:47:39 debian kernel: [    0.404491] UDP-Lite hash table entries: 1024 (order: 3, 32768 bytes, linear)
Dec 19 19:47:39 debian kernel: [    0.404520] NET: Registered protocol family 1
Dec 19 19:47:39 debian kernel: [    0.404526] NET: Registered protocol family 44
Dec 19 19:47:39 debian kernel: [    0.404537] pci_bus 0000:00: resource 4 [io  0x0000-0x0cf7 window]
Dec 19 19:47:39 debian kernel: [    0.404539] pci_bus 0000:00: resource 5 [io  0x0d00-0xffff window]
Dec 19 19:47:39 debian kernel: [    0.404540] pci_bus 0000:00: resource 6 [mem 0x000a0000-0x000bffff window]
Dec 19 19:47:39 debian kernel: [    0.404541] pci_bus 0000:00: resource 7 [mem 0x80000000-0xfdffffff window]
Dec 19 19:47:39 debian kernel: [    0.404606] pci 0000:00:00.0: Limiting direct PCI/PCI transfers
Dec 19 19:47:39 debian kernel: [    0.404617] pci 0000:00:01.0: Activating ISA DMA hang workarounds
Dec 19 19:47:39 debian kernel: [    0.404661] pci 0000:00:02.0: Video device with shadowed ROM at [mem 0x000c0000-0x000dffff]
Dec 19 19:47:39 debian kernel: [    0.406545] PCI: CLS 0 bytes, default 64
Dec 19 19:47:39 debian kernel: [    0.406579] Trying to unpack rootfs image as initramfs...
Dec 19 19:47:39 debian kernel: [    0.912983] Freeing initrd memory: 41888K
Dec 19 19:47:39 debian kernel: [    0.913067] clocksource: tsc: mask: 0xffffffffffffffff max_cycles: 0x396d59a56c3, max_idle_ns: 881590573781 ns
Dec 19 19:47:39 debian kernel: [    0.913186] clocksource: Switched to clocksource tsc
Dec 19 19:47:39 debian kernel: [    0.913217] platform rtc_cmos: registered platform RTC device (no PNP device found)
Dec 19 19:47:39 debian kernel: [    0.913736] Initialise system trusted keyrings
Dec 19 19:47:39 debian kernel: [    0.913742] Key type blacklist registered
Dec 19 19:47:39 debian kernel: [    0.913925] workingset: timestamp_bits=36 max_order=19 bucket_order=0
Dec 19 19:47:39 debian kernel: [    0.915048] zbud: loaded
Dec 19 19:47:39 debian kernel: [    0.915235] integrity: Platform Keyring initialized
Dec 19 19:47:39 debian kernel: [    0.915237] Key type asymmetric registered
Dec 19 19:47:39 debian kernel: [    0.915238] Asymmetric key parser 'x509' registered
Dec 19 19:47:39 debian kernel: [    0.915243] Block layer SCSI generic (bsg) driver version 0.4 loaded (major 251)
Dec 19 19:47:39 debian kernel: [    0.915339] io scheduler mq-deadline registered
Dec 19 19:47:39 debian kernel: [    0.915872] shpchp: Standard Hot Plug PCI Controller Driver version: 0.4
Dec 19 19:47:39 debian kernel: [    0.916153] Serial: 8250/16550 driver, 4 ports, IRQ sharing enabled
Dec 19 19:47:39 debian kernel: [    0.916397] Linux agpgart interface v0.103
Dec 19 19:47:39 debian kernel: [    0.916460] AMD-Vi: AMD IOMMUv2 functionality not available on this system - This is not a bug.
Dec 19 19:47:39 debian kernel: [    0.916636] i8042: PNP: PS/2 Controller [PNP0303:PS2K,PNP0f03:PS2M] at 0x60,0x64 irq 1,12
Dec 19 19:47:39 debian kernel: [    0.917086] serio: i8042 KBD port at 0x60,0x64 irq 1
Dec 19 19:47:39 debian kernel: [    0.917089] serio: i8042 AUX port at 0x60,0x64 irq 12
Dec 19 19:47:39 debian kernel: [    0.917164] mousedev: PS/2 mouse device common for all mice
Dec 19 19:47:39 debian kernel: [    0.917413] rtc_cmos rtc_cmos: registered as rtc0
Dec 19 19:47:39 debian kernel: [    0.917450] rtc_cmos rtc_cmos: setting system clock to 2022-12-19T22:47:37 UTC (1671490057)
Dec 19 19:47:39 debian kernel: [    0.917462] rtc_cmos rtc_cmos: alarms up to one day, 114 bytes nvram
Dec 19 19:47:39 debian kernel: [    0.917467] intel_pstate: CPU model not supported
Dec 19 19:47:39 debian kernel: [    0.917552] ledtrig-cpu: registered to indicate activity on CPUs
Dec 19 19:47:39 debian kernel: [    0.917709] NET: Registered protocol family 10
Dec 19 19:47:39 debian kernel: [    0.918019] input: AT Translated Set 2 keyboard as /devices/platform/i8042/serio0/input/input0
Dec 19 19:47:39 debian kernel: [    0.924694] Segment Routing with IPv6
Dec 19 19:47:39 debian kernel: [    0.924714] mip6: Mobile IPv6
Dec 19 19:47:39 debian kernel: [    0.924715] NET: Registered protocol family 17
Dec 19 19:47:39 debian kernel: [    0.924803] mpls_gso: MPLS GSO support
Dec 19 19:47:39 debian kernel: [    0.924965] IPI shorthand broadcast: enabled
Dec 19 19:47:39 debian kernel: [    0.924968] sched_clock: Marking stable (909134218, 15806980)->(937214865, -12273667)
Dec 19 19:47:39 debian kernel: [    0.925078] registered taskstats version 1
Dec 19 19:47:39 debian kernel: [    0.925079] Loading compiled-in X.509 certificates
Dec 19 19:47:39 debian kernel: [    0.949338] Loaded X.509 cert 'Debian Secure Boot CA: 6ccece7e4c6c0d1f6149f3dd27dfcc5cbb419ea1'
Dec 19 19:47:39 debian kernel: [    0.949353] Loaded X.509 cert 'Debian Secure Boot Signer 2022 - linux: 14011249c2675ea8e5148542202005810584b25f'
Dec 19 19:47:39 debian kernel: [    0.949372] zswap: loaded using pool lzo/zbud
Dec 19 19:47:39 debian kernel: [    0.949638] Key type .fscrypt registered
Dec 19 19:47:39 debian kernel: [    0.949639] Key type fscrypt-provisioning registered
Dec 19 19:47:39 debian kernel: [    0.949668] AppArmor: AppArmor sha1 policy hashing enabled
Dec 19 19:47:39 debian kernel: [    0.950739] Freeing unused decrypted memory: 2036K
Dec 19 19:47:39 debian kernel: [    0.951138] Freeing unused kernel image (initmem) memory: 2664K
Dec 19 19:47:39 debian kernel: [    0.963597] Write protecting the kernel read-only data: 22528k
Dec 19 19:47:39 debian kernel: [    0.964009] Freeing unused kernel image (text/rodata gap) memory: 2040K
Dec 19 19:47:39 debian kernel: [    0.964167] Freeing unused kernel image (rodata/data gap) memory: 636K
Dec 19 19:47:39 debian kernel: [    1.014339] x86/mm: Checked W+X mappings: passed, no W+X pages found.
Dec 19 19:47:39 debian kernel: [    1.014341] x86/mm: Checking user space page tables
Dec 19 19:47:39 debian kernel: [    1.064273] x86/mm: Checked W+X mappings: passed, no W+X pages found.
Dec 19 19:47:39 debian kernel: [    1.064282] Run /init as init process
Dec 19 19:47:39 debian kernel: [    1.108018] input: Power Button as /devices/LNXSYSTM:00/LNXPWRBN:00/input/input2
Dec 19 19:47:39 debian kernel: [    1.110605] ACPI: Video Device [GFX0] (multi-head: yes  rom: no  post: no)
Dec 19 19:47:39 debian kernel: [    1.110665] input: Video Bus as /devices/LNXSYSTM:00/LNXSYBUS:00/PNP0A03:00/LNXVIDEO:00/input/input3
Dec 19 19:47:39 debian kernel: [    1.113471] battery: ACPI: Battery Slot [BAT0] (battery present)
Dec 19 19:47:39 debian kernel: [    1.125029] ACPI: Power Button [PWRF]
Dec 19 19:47:39 debian kernel: [    1.125131] input: Sleep Button as /devices/LNXSYSTM:00/LNXSLPBN:00/input/input4
Dec 19 19:47:39 debian kernel: [    1.125157] ACPI: Sleep Button [SLPF]
Dec 19 19:47:39 debian kernel: [    1.125579] SCSI subsystem initialized
Dec 19 19:47:39 debian kernel: [    1.150971] e1000: Intel(R) PRO/1000 Network Driver
Dec 19 19:47:39 debian kernel: [    1.150972] e1000: Copyright (c) 1999-2006 Intel Corporation.
Dec 19 19:47:39 debian kernel: [    1.154668] piix4_smbus 0000:00:07.0: SMBus Host Controller at 0x4100, revision 0
Dec 19 19:47:39 debian kernel: [    1.154806] scsi host0: ata_piix
Dec 19 19:47:39 debian kernel: [    1.154962] scsi host1: ata_piix
Dec 19 19:47:39 debian kernel: [    1.154998] ata1: PATA max UDMA/33 cmd 0x1f0 ctl 0x3f6 bmdma 0xd000 irq 14
Dec 19 19:47:39 debian kernel: [    1.155000] ata2: PATA max UDMA/33 cmd 0x170 ctl 0x376 bmdma 0xd008 irq 15
Dec 19 19:47:39 debian kernel: [    1.161884] ahci 0000:00:0d.0: SSS flag set, parallel bus scan disabled
Dec 19 19:47:39 debian kernel: [    1.162021] ahci 0000:00:0d.0: AHCI 0001.0100 32 slots 1 ports 3 Gbps 0x1 impl SATA mode
Dec 19 19:47:39 debian kernel: [    1.162023] ahci 0000:00:0d.0: flags: 64bit ncq stag only ccc 
Dec 19 19:47:39 debian kernel: [    1.174805] scsi host2: ahci
Dec 19 19:47:39 debian kernel: [    1.174870] ata3: SATA max UDMA/133 abar m8192@0xf0806000 port 0xf0806100 irq 21
Dec 19 19:47:39 debian kernel: [    1.183291] ACPI: bus type USB registered
Dec 19 19:47:39 debian kernel: [    1.185217] usbcore: registered new interface driver usbfs
Dec 19 19:47:39 debian kernel: [    1.185225] usbcore: registered new interface driver hub
Dec 19 19:47:39 debian kernel: [    1.185232] usbcore: registered new device driver usb
Dec 19 19:47:39 debian kernel: [    1.196629] ehci_hcd: USB 2.0 'Enhanced' Host Controller (EHCI) Driver
Dec 19 19:47:39 debian kernel: [    1.328427] ata2.00: ATAPI: VBOX CD-ROM, 1.0, max UDMA/133
Dec 19 19:47:39 debian kernel: [    1.329761] scsi 1:0:0:0: CD-ROM            VBOX     CD-ROM           1.0  PQ: 0 ANSI: 5
Dec 19 19:47:39 debian kernel: [    1.410685] input: ImExPS/2 Generic Explorer Mouse as /devices/platform/i8042/serio1/input/input5
Dec 19 19:47:39 debian kernel: [    1.490707] ata3: SATA link up 3.0 Gbps (SStatus 123 SControl 300)
Dec 19 19:47:39 debian kernel: [    1.490863] ata3.00: ATA-6: VBOX HARDDISK, 1.0, max UDMA/133
Dec 19 19:47:39 debian kernel: [    1.490865] ata3.00: 41943040 sectors, multi 128: LBA48 NCQ (depth 32)
Dec 19 19:47:39 debian kernel: [    1.491120] ata3.00: configured for UDMA/133
Dec 19 19:47:39 debian kernel: [    1.491190] scsi 2:0:0:0: Direct-Access     ATA      VBOX HARDDISK    1.0  PQ: 0 ANSI: 5
Dec 19 19:47:39 debian kernel: [    1.495577] ohci_hcd: USB 1.1 'Open' Host Controller (OHCI) Driver
Dec 19 19:47:39 debian kernel: [    1.496218] ehci-pci: EHCI PCI platform driver
Dec 19 19:47:39 debian kernel: [    1.496942] ehci-pci 0000:00:0b.0: EHCI Host Controller
Dec 19 19:47:39 debian kernel: [    1.496946] ehci-pci 0000:00:0b.0: new USB bus registered, assigned bus number 1
Dec 19 19:47:39 debian kernel: [    1.497152] ehci-pci 0000:00:0b.0: irq 19, io mem 0xf0805000
Dec 19 19:47:39 debian kernel: [    1.511391] ehci-pci 0000:00:0b.0: USB 2.0 started, EHCI 1.00
Dec 19 19:47:39 debian kernel: [    1.511476] usb usb1: New USB device found, idVendor=1d6b, idProduct=0002, bcdDevice= 5.10
Dec 19 19:47:39 debian kernel: [    1.511478] usb usb1: New USB device strings: Mfr=3, Product=2, SerialNumber=1
Dec 19 19:47:39 debian kernel: [    1.511479] usb usb1: Product: EHCI Host Controller
Dec 19 19:47:39 debian kernel: [    1.511480] usb usb1: Manufacturer: Linux 5.10.0-20-amd64 ehci_hcd
Dec 19 19:47:39 debian kernel: [    1.511482] usb usb1: SerialNumber: 0000:00:0b.0
Dec 19 19:47:39 debian kernel: [    1.511740] hub 1-0:1.0: USB hub found
Dec 19 19:47:39 debian kernel: [    1.511746] hub 1-0:1.0: 12 ports detected
Dec 19 19:47:39 debian kernel: [    1.514586] ohci-pci: OHCI PCI platform driver
Dec 19 19:47:39 debian kernel: [    1.515090] ohci-pci 0000:00:06.0: OHCI PCI host controller
Dec 19 19:47:39 debian kernel: [    1.515094] ohci-pci 0000:00:06.0: new USB bus registered, assigned bus number 2
Dec 19 19:47:39 debian kernel: [    1.515163] ohci-pci 0000:00:06.0: irq 22, io mem 0xf0804000
Dec 19 19:47:39 debian kernel: [    1.520703] [drm] DMA map mode: Caching DMA mappings.
Dec 19 19:47:39 debian kernel: [    1.520731] [drm] Capabilities:
Dec 19 19:47:39 debian kernel: [    1.520731] [drm]   Rect copy.
Dec 19 19:47:39 debian kernel: [    1.520732] [drm]   Cursor.
Dec 19 19:47:39 debian kernel: [    1.520732] [drm]   Cursor bypass.
Dec 19 19:47:39 debian kernel: [    1.520733] [drm]   Cursor bypass 2.
Dec 19 19:47:39 debian kernel: [    1.520733] [drm]   Alpha cursor.
Dec 19 19:47:39 debian kernel: [    1.520733] [drm]   Extended Fifo.
Dec 19 19:47:39 debian kernel: [    1.520734] [drm]   Pitchlock.
Dec 19 19:47:39 debian kernel: [    1.520734] [drm]   Irq mask.
Dec 19 19:47:39 debian kernel: [    1.520735] [drm]   GMR.
Dec 19 19:47:39 debian kernel: [    1.520735] [drm]   Traces.
Dec 19 19:47:39 debian kernel: [    1.520735] [drm]   GMR2.
Dec 19 19:47:39 debian kernel: [    1.520736] [drm]   Screen Object 2.
Dec 19 19:47:39 debian kernel: [    1.520736] [drm]   Command Buffers.
Dec 19 19:47:39 debian kernel: [    1.520737] [drm] Max GMR ids is 8192
Dec 19 19:47:39 debian kernel: [    1.520738] [drm] Max number of GMR pages is 1048576
Dec 19 19:47:39 debian kernel: [    1.520738] [drm] Max dedicated hypervisor surface memory is 507904 kiB
Dec 19 19:47:39 debian kernel: [    1.520739] [drm] Maximum display memory size is 16384 kiB
Dec 19 19:47:39 debian kernel: [    1.520740] [drm] VRAM at 0xe0000000 size is 16384 kiB
Dec 19 19:47:39 debian kernel: [    1.520740] [drm] MMIO at 0xf0000000 size is 2048 kiB
Dec 19 19:47:39 debian kernel: [    1.520898] [TTM] Zone  kernel: Available graphics memory: 1015260 KiB
Dec 19 19:47:39 debian kernel: [    1.520899] [TTM] Initializing pool allocator
Dec 19 19:47:39 debian kernel: [    1.520902] [TTM] Initializing DMA pool allocator
Dec 19 19:47:39 debian kernel: [    1.521185] [drm] Screen Objects Display Unit initialized
Dec 19 19:47:39 debian kernel: [    1.521252] [drm] width 720
Dec 19 19:47:39 debian kernel: [    1.521258] [drm] height 400
Dec 19 19:47:39 debian kernel: [    1.521261] [drm] bpp 32
Dec 19 19:47:39 debian kernel: [    1.521696] [drm] Fifo max 0x00200000 min 0x00001000 cap 0x00000355
Dec 19 19:47:39 debian kernel: [    1.521944] [drm] Using command buffers with DMA pool.
Dec 19 19:47:39 debian kernel: [    1.521950] [drm] Atomic: yes.
Dec 19 19:47:39 debian kernel: [    1.528933] fbcon: svgadrmfb (fb0) is primary device
Dec 19 19:47:39 debian kernel: [    1.531793] Console: switching to colour frame buffer device 100x37
Dec 19 19:47:39 debian kernel: [    1.533202] sr 1:0:0:0: [sr0] scsi3-mmc drive: 32x/32x xa/form2 tray
Dec 19 19:47:39 debian kernel: [    1.533204] cdrom: Uniform CD-ROM driver Revision: 3.20
Dec 19 19:47:39 debian kernel: [    1.536879] [drm] Initialized vmwgfx 2.18.0 20200114 for 0000:00:02.0 on minor 0
Dec 19 19:47:39 debian kernel: [    1.537936] e1000 0000:00:03.0 eth0: (PCI:33MHz:32-bit) 08:00:27:f7:df:85
Dec 19 19:47:39 debian kernel: [    1.537941] e1000 0000:00:03.0 eth0: Intel(R) PRO/1000 Network Connection
Dec 19 19:47:39 debian kernel: [    1.539212] e1000 0000:00:03.0 enp0s3: renamed from eth0
Dec 19 19:47:39 debian kernel: [    1.575882] usb usb2: New USB device found, idVendor=1d6b, idProduct=0001, bcdDevice= 5.10
Dec 19 19:47:39 debian kernel: [    1.575884] usb usb2: New USB device strings: Mfr=3, Product=2, SerialNumber=1
Dec 19 19:47:39 debian kernel: [    1.575885] usb usb2: Product: OHCI PCI host controller
Dec 19 19:47:39 debian kernel: [    1.575885] usb usb2: Manufacturer: Linux 5.10.0-20-amd64 ohci_hcd
Dec 19 19:47:39 debian kernel: [    1.575886] usb usb2: SerialNumber: 0000:00:06.0
Dec 19 19:47:39 debian kernel: [    1.576017] hub 2-0:1.0: USB hub found
Dec 19 19:47:39 debian kernel: [    1.576031] hub 2-0:1.0: 12 ports detected
Dec 19 19:47:39 debian kernel: [    1.604583] sd 2:0:0:0: [sda] 41943040 512-byte logical blocks: (21.5 GB/20.0 GiB)
Dec 19 19:47:39 debian kernel: [    1.604588] sd 2:0:0:0: [sda] Write Protect is off
Dec 19 19:47:39 debian kernel: [    1.604598] sd 2:0:0:0: [sda] Write cache: enabled, read cache: enabled, doesn't support DPO or FUA
Dec 19 19:47:39 debian kernel: [    1.623668]  sda: sda1 sda2 < sda5 >
Dec 19 19:47:39 debian kernel: [    1.644140] sd 2:0:0:0: [sda] Attached SCSI disk
Dec 19 19:47:39 debian kernel: [    1.931347] usb 2-1: new full-speed USB device number 2 using ohci-pci
Dec 19 19:47:39 debian kernel: [    1.993746] EXT4-fs (sda1): mounted filesystem with ordered data mode. Opts: (null)
Dec 19 19:47:39 debian kernel: [    2.039309] Not activating Mandatory Access Control as /sbin/tomoyo-init does not exist.
Dec 19 19:47:39 debian kernel: [    2.255410] usb 2-1: New USB device found, idVendor=80ee, idProduct=0021, bcdDevice= 1.00
Dec 19 19:47:39 debian kernel: [    2.255412] usb 2-1: New USB device strings: Mfr=1, Product=3, SerialNumber=0
Dec 19 19:47:39 debian kernel: [    2.255413] usb 2-1: Product: USB Tablet
Dec 19 19:47:39 debian kernel: [    2.255414] usb 2-1: Manufacturer: VirtualBox
Dec 19 19:47:39 debian kernel: [    2.424845] fuse: init (API version 7.32)
Dec 19 19:47:39 debian kernel: [    2.436478] EXT4-fs (sda1): re-mounted. Opts: errors=remount-ro
Dec 19 19:47:39 debian kernel: [    2.453561] lp: driver loaded but no devices found
Dec 19 19:47:39 debian kernel: [    2.465674] ppdev: user-space parallel port driver
Dec 19 19:47:39 debian kernel: [    2.739534] audit: type=1400 audit(1671490059.315:2): apparmor="STATUS" operation="profile_load" profile="unconfined" name="libreoffice-senddoc" pid=275 comm="apparmor_parser"
Dec 19 19:47:39 debian kernel: [    2.743753] audit: type=1400 audit(1671490059.319:3): apparmor="STATUS" operation="profile_load" profile="unconfined" name="libreoffice-oopslash" pid=274 comm="apparmor_parser"
Dec 19 19:47:39 debian kernel: [    2.755259] ACPI: AC Adapter [AC] (on-line)
Dec 19 19:47:39 debian kernel: [    2.775552] audit: type=1400 audit(1671490059.351:4): apparmor="STATUS" operation="profile_load" profile="unconfined" name="libreoffice-xpdfimport" pid=278 comm="apparmor_parser"
Dec 19 19:47:39 debian kernel: [    2.793194] vboxguest: host-version: 7.0.4r154605 0x8000000f
Dec 19 19:47:39 debian kernel: [    2.794016] vbg_heartbeat_init: Setting up heartbeat to trigger every 2000 milliseconds
Dec 19 19:47:39 debian kernel: [    2.794187] input: VirtualBox mouse integration as /devices/pci0000:00/0000:00:04.0/input/input6
Dec 19 19:47:39 debian kernel: [    2.795062] sr 1:0:0:0: Attached scsi generic sg0 type 5
Dec 19 19:47:39 debian kernel: [    2.795367] sd 2:0:0:0: Attached scsi generic sg1 type 0
Dec 19 19:47:39 debian kernel: [    2.801734] vboxguest: misc device minor 61, IRQ 20, I/O port d040, MMIO at 0x00000000f0400000 (size 0x0000000000400000)
Dec 19 19:47:39 debian kernel: [    2.809490] audit: type=1400 audit(1671490059.387:5): apparmor="STATUS" operation="profile_load" profile="unconfined" name="/usr/lib/cups/backend/cups-pdf" pid=277 comm="apparmor_parser"
Dec 19 19:47:39 debian kernel: [    2.809493] audit: type=1400 audit(1671490059.387:6): apparmor="STATUS" operation="profile_load" profile="unconfined" name="/usr/sbin/cupsd" pid=277 comm="apparmor_parser"
Dec 19 19:47:39 debian kernel: [    2.809494] audit: type=1400 audit(1671490059.387:7): apparmor="STATUS" operation="profile_load" profile="unconfined" name="/usr/sbin/cupsd//third_party" pid=277 comm="apparmor_parser"
Dec 19 19:47:39 debian kernel: [    2.821704] input: PC Speaker as /devices/platform/pcspkr/input/input7
Dec 19 19:47:39 debian kernel: [    2.827044] hid: raw HID events driver (C) Jiri Kosina
Dec 19 19:47:39 debian kernel: [    2.841455] audit: type=1400 audit(1671490059.419:8): apparmor="STATUS" operation="profile_load" profile="unconfined" name="nvidia_modprobe" pid=283 comm="apparmor_parser"
Dec 19 19:47:39 debian kernel: [    2.841481] audit: type=1400 audit(1671490059.419:9): apparmor="STATUS" operation="profile_load" profile="unconfined" name="nvidia_modprobe//kmod" pid=283 comm="apparmor_parser"
Dec 19 19:47:39 debian kernel: [    2.849803] audit: type=1400 audit(1671490059.427:10): apparmor="STATUS" operation="profile_load" profile="unconfined" name="lsb_release" pid=284 comm="apparmor_parser"
Dec 19 19:47:39 debian kernel: [    2.860107] usbcore: registered new interface driver usbhid
Dec 19 19:47:39 debian kernel: [    2.860109] usbhid: USB HID core driver
Dec 19 19:47:39 debian kernel: [    2.985640] input: VirtualBox USB Tablet as /devices/pci0000:00/0000:00:06.0/usb2/2-1/2-1:1.0/0003:80EE:0021.0001/input/input8
Dec 19 19:47:39 debian kernel: [    2.985954] hid-generic 0003:80EE:0021.0001: input,hidraw0: USB HID v1.10 Mouse [VirtualBox USB Tablet] on usb-0000:00:06.0-1/input0
Dec 19 19:47:39 debian kernel: [    2.987495] RAPL PMU: API unit is 2^-32 Joules, 0 fixed counters, 10737418240 ms ovfl timer
Dec 19 19:47:39 debian kernel: [    2.997730] cryptd: max_cpu_qlen set to 1000
Dec 19 19:47:39 debian kernel: [    3.013272] AVX2 version of gcm_enc/dec engaged.
Dec 19 19:47:39 debian kernel: [    3.013273] AES CTR mode by8 optimization enabled
Dec 19 19:47:39 debian kernel: [    3.039359] Adding 998396k swap on /dev/sda5.  Priority:-2 extents:1 across:998396k FS
Dec 19 19:47:39 debian kernel: [    3.197929] snd_intel8x0 0000:00:05.0: allow list rate for 1028:0177 is 48000
Dec 19 19:47:39 debian udisksd[399]: failed to load module mdraid: libbd_mdraid.so.2: cannot open shared object file: No such file or directory
Dec 19 19:47:39 debian udisksd[399]: Failed to load the 'mdraid' libblockdev plugin
Dec 19 19:47:39 debian udisksd[399]: Acquired the name org.freedesktop.UDisks2 on the system message bus
Dec 19 19:47:42 debian kernel: [    5.432699] e1000: enp0s3 NIC Link is Up 1000 Mbps Full Duplex, Flow Control: RX
Dec 19 19:47:42 debian kernel: [    5.433122] IPv6: ADDRCONF(NETDEV_CHANGE): enp0s3: link becomes ready
Dec 19 19:47:45 debian vboxadd-service.sh: Starting VirtualBox Guest Addition service.
Dec 19 19:47:45 debian kernel: [    8.678856] 22:47:45.260827 main     VBoxService 7.0.4 r154605 (verbosity: 0) linux.amd64 (Nov 16 2022 17:25:52) release log
Dec 19 19:47:45 debian kernel: [    8.678856] 22:47:45.26082
Dec 19 19:47:45 debian kernel: [    8.679063] 22:47:45.261435 main     OS Product: Linux
Dec 19 19:47:45 debian kernel: [    8.679304] 22:47:45.261633 main     OS Release: 5.10.0-20-amd64
Dec 19 19:47:45 debian kernel: [    8.679646] 22:47:45.261873 main     OS Version: #1 SMP Debian 5.10.158-2 (2022-12-13)
